<?xml version="1.0" encoding="UTF-8"?>
<TestRun id="f3b4fdd3-a430-4e6e-bfea-c3d4be141842" name="KallDrexx@KALLTOP 2011-03-11 00:28:17" runUser="KallTop\KallDrexx" xmlns="http://microsoft.com/schemas/VisualStudio/TeamTest/2010">
  <TestSettings name="Default Test Settings" id="daa6725c-4b21-4173-a524-09fb9c02316c">
    <Deployment runDeploymentRoot="KallDrexx_KALLTOP 2011-03-11 00_28_17">
      <DeploymentItem filename="C:\Users\KallDrexx\Documents\Projects\MyJobLeads\MyJobLeads.DomainModel\bin\Debug\MyJobLeads.DomainModel.dll" />
      <DeploymentItem filename="C:\Users\KallDrexx\Documents\Projects\MyJobLeads\packages\EFCodeFirst.0.8\lib\EntityFramework.dll" />
      <DeploymentItem filename="C:\Users\KallDrexx\Documents\Projects\MyJobLeads\MyJobLeads\bin\MyJobLeads.dll" />
    </Deployment>
    <Execution>
      <TestTypeSpecific />
      <AgentRule name="Execution Agents">
      </AgentRule>
    </Execution>
  </TestSettings>
  <Times creation="2011-03-11T00:28:17.2192454-05:00" queuing="2011-03-11T00:28:17.3922553-05:00" start="2011-03-11T00:28:17.4192569-05:00" finish="2011-03-11T00:28:21.3344808-05:00" />
  <ResultSummary outcome="Completed">
    <Counters total="24" executed="24" passed="24" error="0" failed="0" timeout="0" aborted="0" inconclusive="0" passedButRunAborted="0" notRunnable="0" notExecuted="0" disconnected="0" warning="0" completed="0" inProgress="0" pending="0" />
  </ResultSummary>
  <TestDefinitions>
    <UnitTest name="ChangePassword_Post_ReturnsViewIfChangePasswordFails" storage="c:\users\kalldrexx\documents\projects\myjobleads\myjobleads.tests\bin\debug\myjobleads.tests.dll" id="fbd19a48-7a68-fded-3442-cb6112a2f1f3">
      <Execution id="016f2c31-ccb9-4c71-ad2b-cea22d0b8029" />
      <TestMethod codeBase="C:/Users/KallDrexx/Documents/Projects/MyJobLeads/MyJobLeads.Tests/bin/Debug/MyJobLeads.Tests.DLL" adapterTypeName="Microsoft.VisualStudio.TestTools.TestTypes.Unit.UnitTestAdapter, Microsoft.VisualStudio.QualityTools.Tips.UnitTest.Adapter, Version=10.0.0.0, Culture=neutral, PublicKeyToken=b03f5f7f11d50a3a" className="MyJobLeads.Tests.Controllers.AccountControllerTest, MyJobLeads.Tests, Version=1.0.0.0, Culture=neutral, PublicKeyToken=null" name="ChangePassword_Post_ReturnsViewIfChangePasswordFails" />
    </UnitTest>
    <UnitTest name="Can_Remove_Entities" storage="c:\users\kalldrexx\documents\projects\myjobleads\myjobleads.tests\bin\debug\myjobleads.tests.dll" id="89b44fb1-4a4a-3ac6-c5d2-07735d6caf58">
      <Execution id="5dc0707d-cfc0-4459-804a-a803ccecde65" />
      <TestMethod codeBase="C:/Users/KallDrexx/Documents/Projects/MyJobLeads/MyJobLeads.Tests/bin/Debug/MyJobLeads.Tests.DLL" adapterTypeName="Microsoft.VisualStudio.TestTools.TestTypes.Unit.UnitTestAdapter, Microsoft.VisualStudio.QualityTools.Tips.UnitTest.Adapter, Version=10.0.0.0, Culture=neutral, PublicKeyToken=b03f5f7f11d50a3a" className="MyJobLeads.Tests.Data.EFUnitOfWorkTests, MyJobLeads.Tests, Version=1.0.0.0, Culture=neutral, PublicKeyToken=null" name="Can_Remove_Entities" />
    </UnitTest>
    <UnitTest name="LogOn_Post_ReturnsViewIfValidateUserFails" storage="c:\users\kalldrexx\documents\projects\myjobleads\myjobleads.tests\bin\debug\myjobleads.tests.dll" id="c2c1a057-7101-79b9-9361-a52a534693ab">
      <Execution id="f47c6ea2-8a24-42d5-9b88-a6d3d5fb9fad" />
      <TestMethod codeBase="C:/Users/KallDrexx/Documents/Projects/MyJobLeads/MyJobLeads.Tests/bin/Debug/MyJobLeads.Tests.DLL" adapterTypeName="Microsoft.VisualStudio.TestTools.TestTypes.Unit.UnitTestAdapter, Microsoft.VisualStudio.QualityTools.Tips.UnitTest.Adapter, Version=10.0.0.0, Culture=neutral, PublicKeyToken=b03f5f7f11d50a3a" className="MyJobLeads.Tests.Controllers.AccountControllerTest, MyJobLeads.Tests, Version=1.0.0.0, Culture=neutral, PublicKeyToken=null" name="LogOn_Post_ReturnsViewIfValidateUserFails" />
    </UnitTest>
    <UnitTest name="LogOn_Post_ReturnsRedirectOnSuccess_WithoutReturnUrl" storage="c:\users\kalldrexx\documents\projects\myjobleads\myjobleads.tests\bin\debug\myjobleads.tests.dll" id="ab7f7f5b-55e8-6ffd-6347-15d9c75912f4">
      <Execution id="86787c82-b483-471b-ad71-7a088c0a4dbf" />
      <TestMethod codeBase="C:/Users/KallDrexx/Documents/Projects/MyJobLeads/MyJobLeads.Tests/bin/Debug/MyJobLeads.Tests.DLL" adapterTypeName="Microsoft.VisualStudio.TestTools.TestTypes.Unit.UnitTestAdapter, Microsoft.VisualStudio.QualityTools.Tips.UnitTest.Adapter, Version=10.0.0.0, Culture=neutral, PublicKeyToken=b03f5f7f11d50a3a" className="MyJobLeads.Tests.Controllers.AccountControllerTest, MyJobLeads.Tests, Version=1.0.0.0, Culture=neutral, PublicKeyToken=null" name="LogOn_Post_ReturnsRedirectOnSuccess_WithoutReturnUrl" />
    </UnitTest>
    <UnitTest name="Register_Get_ReturnsView" storage="c:\users\kalldrexx\documents\projects\myjobleads\myjobleads.tests\bin\debug\myjobleads.tests.dll" id="5e3e57f5-22b1-9097-019c-1ed0a8dbd9e8">
      <Execution id="f8c0188c-6457-4d9b-a2eb-41dae7f21224" />
      <TestMethod codeBase="C:/Users/KallDrexx/Documents/Projects/MyJobLeads/MyJobLeads.Tests/bin/Debug/MyJobLeads.Tests.DLL" adapterTypeName="Microsoft.VisualStudio.TestTools.TestTypes.Unit.UnitTestAdapter, Microsoft.VisualStudio.QualityTools.Tips.UnitTest.Adapter, Version=10.0.0.0, Culture=neutral, PublicKeyToken=b03f5f7f11d50a3a" className="MyJobLeads.Tests.Controllers.AccountControllerTest, MyJobLeads.Tests, Version=1.0.0.0, Culture=neutral, PublicKeyToken=null" name="Register_Get_ReturnsView" />
    </UnitTest>
    <UnitTest name="Can_Fetch_Entities" storage="c:\users\kalldrexx\documents\projects\myjobleads\myjobleads.tests\bin\debug\myjobleads.tests.dll" id="c244799b-8a61-8e17-25a8-0a4c528ad902">
      <Execution id="5b8082c1-b366-4327-b639-ab8e2d33b292" />
      <TestMethod codeBase="C:/Users/KallDrexx/Documents/Projects/MyJobLeads/MyJobLeads.Tests/bin/Debug/MyJobLeads.Tests.DLL" adapterTypeName="Microsoft.VisualStudio.TestTools.TestTypes.Unit.UnitTestAdapter, Microsoft.VisualStudio.QualityTools.Tips.UnitTest.Adapter, Version=10.0.0.0, Culture=neutral, PublicKeyToken=b03f5f7f11d50a3a" className="MyJobLeads.Tests.Data.InMemoryUnitOfWorkTests, MyJobLeads.Tests, Version=1.0.0.0, Culture=neutral, PublicKeyToken=null" name="Can_Fetch_Entities" />
    </UnitTest>
    <UnitTest name="LogOn_Get_ReturnsView" storage="c:\users\kalldrexx\documents\projects\myjobleads\myjobleads.tests\bin\debug\myjobleads.tests.dll" id="a1263f6a-f52d-4942-3dc9-b6dc73eff97a">
      <Execution id="149d9664-e050-4586-bc37-5d9258db1a40" />
      <TestMethod codeBase="C:/Users/KallDrexx/Documents/Projects/MyJobLeads/MyJobLeads.Tests/bin/Debug/MyJobLeads.Tests.DLL" adapterTypeName="Microsoft.VisualStudio.TestTools.TestTypes.Unit.UnitTestAdapter, Microsoft.VisualStudio.QualityTools.Tips.UnitTest.Adapter, Version=10.0.0.0, Culture=neutral, PublicKeyToken=b03f5f7f11d50a3a" className="MyJobLeads.Tests.Controllers.AccountControllerTest, MyJobLeads.Tests, Version=1.0.0.0, Culture=neutral, PublicKeyToken=null" name="LogOn_Get_ReturnsView" />
    </UnitTest>
    <UnitTest name="ChangePassword_Post_ReturnsViewIfModelStateIsInvalid" storage="c:\users\kalldrexx\documents\projects\myjobleads\myjobleads.tests\bin\debug\myjobleads.tests.dll" id="3fcceb79-5898-d701-ab2d-45d781ebc35f">
      <Execution id="23028494-176f-4ad9-bd7f-f1068a28f7ca" />
      <TestMethod codeBase="C:/Users/KallDrexx/Documents/Projects/MyJobLeads/MyJobLeads.Tests/bin/Debug/MyJobLeads.Tests.DLL" adapterTypeName="Microsoft.VisualStudio.TestTools.TestTypes.Unit.UnitTestAdapter, Microsoft.VisualStudio.QualityTools.Tips.UnitTest.Adapter, Version=10.0.0.0, Culture=neutral, PublicKeyToken=b03f5f7f11d50a3a" className="MyJobLeads.Tests.Controllers.AccountControllerTest, MyJobLeads.Tests, Version=1.0.0.0, Culture=neutral, PublicKeyToken=null" name="ChangePassword_Post_ReturnsViewIfModelStateIsInvalid" />
    </UnitTest>
    <UnitTest name="Register_Post_ReturnsRedirectOnSuccess" storage="c:\users\kalldrexx\documents\projects\myjobleads\myjobleads.tests\bin\debug\myjobleads.tests.dll" id="e1c193c3-9156-446a-2ff0-d2eaba209e4f">
      <Execution id="1a458c9c-9574-440a-89c6-8a892022e2af" />
      <TestMethod codeBase="C:/Users/KallDrexx/Documents/Projects/MyJobLeads/MyJobLeads.Tests/bin/Debug/MyJobLeads.Tests.DLL" adapterTypeName="Microsoft.VisualStudio.TestTools.TestTypes.Unit.UnitTestAdapter, Microsoft.VisualStudio.QualityTools.Tips.UnitTest.Adapter, Version=10.0.0.0, Culture=neutral, PublicKeyToken=b03f5f7f11d50a3a" className="MyJobLeads.Tests.Controllers.AccountControllerTest, MyJobLeads.Tests, Version=1.0.0.0, Culture=neutral, PublicKeyToken=null" name="Register_Post_ReturnsRedirectOnSuccess" />
    </UnitTest>
    <UnitTest name="Can_Remove_Entities" storage="c:\users\kalldrexx\documents\projects\myjobleads\myjobleads.tests\bin\debug\myjobleads.tests.dll" id="a7606f1a-26f9-89e5-ac83-8295978cd755">
      <Execution id="cfc1e47b-a44b-422d-984a-baf02fb09636" />
      <TestMethod codeBase="C:/Users/KallDrexx/Documents/Projects/MyJobLeads/MyJobLeads.Tests/bin/Debug/MyJobLeads.Tests.DLL" adapterTypeName="Microsoft.VisualStudio.TestTools.TestTypes.Unit.UnitTestAdapter, Microsoft.VisualStudio.QualityTools.Tips.UnitTest.Adapter, Version=10.0.0.0, Culture=neutral, PublicKeyToken=b03f5f7f11d50a3a" className="MyJobLeads.Tests.Data.InMemoryUnitOfWorkTests, MyJobLeads.Tests, Version=1.0.0.0, Culture=neutral, PublicKeyToken=null" name="Can_Remove_Entities" />
    </UnitTest>
    <UnitTest name="Register_Post_ReturnsViewIfRegistrationFails" storage="c:\users\kalldrexx\documents\projects\myjobleads\myjobleads.tests\bin\debug\myjobleads.tests.dll" id="236b0303-b6cf-bb08-6e37-1b911fc9242b">
      <Execution id="a310366c-39fd-47c8-80f8-87e270254fc1" />
      <TestMethod codeBase="C:/Users/KallDrexx/Documents/Projects/MyJobLeads/MyJobLeads.Tests/bin/Debug/MyJobLeads.Tests.DLL" adapterTypeName="Microsoft.VisualStudio.TestTools.TestTypes.Unit.UnitTestAdapter, Microsoft.VisualStudio.QualityTools.Tips.UnitTest.Adapter, Version=10.0.0.0, Culture=neutral, PublicKeyToken=b03f5f7f11d50a3a" className="MyJobLeads.Tests.Controllers.AccountControllerTest, MyJobLeads.Tests, Version=1.0.0.0, Culture=neutral, PublicKeyToken=null" name="Register_Post_ReturnsViewIfRegistrationFails" />
    </UnitTest>
    <UnitTest name="ChangePassword_Get_ReturnsView" storage="c:\users\kalldrexx\documents\projects\myjobleads\myjobleads.tests\bin\debug\myjobleads.tests.dll" id="d0415d33-68c4-ee72-6285-ecda0d1e640d">
      <Execution id="944e8c5a-eb5d-40ba-9d20-e30860f1ee1f" />
      <TestMethod codeBase="C:/Users/KallDrexx/Documents/Projects/MyJobLeads/MyJobLeads.Tests/bin/Debug/MyJobLeads.Tests.DLL" adapterTypeName="Microsoft.VisualStudio.TestTools.TestTypes.Unit.UnitTestAdapter, Microsoft.VisualStudio.QualityTools.Tips.UnitTest.Adapter, Version=10.0.0.0, Culture=neutral, PublicKeyToken=b03f5f7f11d50a3a" className="MyJobLeads.Tests.Controllers.AccountControllerTest, MyJobLeads.Tests, Version=1.0.0.0, Culture=neutral, PublicKeyToken=null" name="ChangePassword_Get_ReturnsView" />
    </UnitTest>
    <UnitTest name="LogOn_Post_ReturnsRedirectToHomeOnSuccess_WithExternalReturnUrl" storage="c:\users\kalldrexx\documents\projects\myjobleads\myjobleads.tests\bin\debug\myjobleads.tests.dll" id="9fa909be-c5b9-2b2d-b0f1-66ef51d6fd75">
      <Execution id="81a9a404-2ced-4d71-a41e-99729367b7f2" />
      <TestMethod codeBase="C:/Users/KallDrexx/Documents/Projects/MyJobLeads/MyJobLeads.Tests/bin/Debug/MyJobLeads.Tests.DLL" adapterTypeName="Microsoft.VisualStudio.TestTools.TestTypes.Unit.UnitTestAdapter, Microsoft.VisualStudio.QualityTools.Tips.UnitTest.Adapter, Version=10.0.0.0, Culture=neutral, PublicKeyToken=b03f5f7f11d50a3a" className="MyJobLeads.Tests.Controllers.AccountControllerTest, MyJobLeads.Tests, Version=1.0.0.0, Culture=neutral, PublicKeyToken=null" name="LogOn_Post_ReturnsRedirectToHomeOnSuccess_WithExternalReturnUrl" />
    </UnitTest>
    <UnitTest name="About" storage="c:\users\kalldrexx\documents\projects\myjobleads\myjobleads.tests\bin\debug\myjobleads.tests.dll" id="9a1b1a6f-fd04-c4ac-a7b3-ec48f825c6e3">
      <Execution id="0768a232-44cc-4684-8775-9041f1f68dc3" />
      <TestMethod codeBase="C:/Users/KallDrexx/Documents/Projects/MyJobLeads/MyJobLeads.Tests/bin/Debug/MyJobLeads.Tests.DLL" adapterTypeName="Microsoft.VisualStudio.TestTools.TestTypes.Unit.UnitTestAdapter, Microsoft.VisualStudio.QualityTools.Tips.UnitTest.Adapter, Version=10.0.0.0, Culture=neutral, PublicKeyToken=b03f5f7f11d50a3a" className="MyJobLeads.Tests.Controllers.HomeControllerTest, MyJobLeads.Tests, Version=1.0.0.0, Culture=neutral, PublicKeyToken=null" name="About" />
    </UnitTest>
    <UnitTest name="LogOff_LogsOutAndRedirects" storage="c:\users\kalldrexx\documents\projects\myjobleads\myjobleads.tests\bin\debug\myjobleads.tests.dll" id="d73f45f8-5b35-24f6-d567-696424f6f989">
      <Execution id="a04daee7-5b1c-4d50-8322-f75a33795032" />
      <TestMethod codeBase="C:/Users/KallDrexx/Documents/Projects/MyJobLeads/MyJobLeads.Tests/bin/Debug/MyJobLeads.Tests.DLL" adapterTypeName="Microsoft.VisualStudio.TestTools.TestTypes.Unit.UnitTestAdapter, Microsoft.VisualStudio.QualityTools.Tips.UnitTest.Adapter, Version=10.0.0.0, Culture=neutral, PublicKeyToken=b03f5f7f11d50a3a" className="MyJobLeads.Tests.Controllers.AccountControllerTest, MyJobLeads.Tests, Version=1.0.0.0, Culture=neutral, PublicKeyToken=null" name="LogOff_LogsOutAndRedirects" />
    </UnitTest>
    <UnitTest name="ChangePassword_Post_ReturnsRedirectOnSuccess" storage="c:\users\kalldrexx\documents\projects\myjobleads\myjobleads.tests\bin\debug\myjobleads.tests.dll" id="97fafcc9-ac02-1604-461b-829b17b30ea9">
      <Execution id="41f6aed9-dd67-4394-b435-57f60f307c73" />
      <TestMethod codeBase="C:/Users/KallDrexx/Documents/Projects/MyJobLeads/MyJobLeads.Tests/bin/Debug/MyJobLeads.Tests.DLL" adapterTypeName="Microsoft.VisualStudio.TestTools.TestTypes.Unit.UnitTestAdapter, Microsoft.VisualStudio.QualityTools.Tips.UnitTest.Adapter, Version=10.0.0.0, Culture=neutral, PublicKeyToken=b03f5f7f11d50a3a" className="MyJobLeads.Tests.Controllers.AccountControllerTest, MyJobLeads.Tests, Version=1.0.0.0, Culture=neutral, PublicKeyToken=null" name="ChangePassword_Post_ReturnsRedirectOnSuccess" />
    </UnitTest>
    <UnitTest name="Register_Post_ReturnsViewIfModelStateIsInvalid" storage="c:\users\kalldrexx\documents\projects\myjobleads\myjobleads.tests\bin\debug\myjobleads.tests.dll" id="66bdb291-f34b-51a9-3deb-89829e9281f1">
      <Execution id="0fa4d1e1-4000-4b70-a409-a8655d951c67" />
      <TestMethod codeBase="C:/Users/KallDrexx/Documents/Projects/MyJobLeads/MyJobLeads.Tests/bin/Debug/MyJobLeads.Tests.DLL" adapterTypeName="Microsoft.VisualStudio.TestTools.TestTypes.Unit.UnitTestAdapter, Microsoft.VisualStudio.QualityTools.Tips.UnitTest.Adapter, Version=10.0.0.0, Culture=neutral, PublicKeyToken=b03f5f7f11d50a3a" className="MyJobLeads.Tests.Controllers.AccountControllerTest, MyJobLeads.Tests, Version=1.0.0.0, Culture=neutral, PublicKeyToken=null" name="Register_Post_ReturnsViewIfModelStateIsInvalid" />
    </UnitTest>
    <UnitTest name="Can_Add_New_Entities" storage="c:\users\kalldrexx\documents\projects\myjobleads\myjobleads.tests\bin\debug\myjobleads.tests.dll" id="6edf184e-fddc-d915-83ba-b25d6eeab8b6">
      <Execution id="0215a8f4-a7e1-4488-b66b-be16318b3160" />
      <TestMethod codeBase="C:/Users/KallDrexx/Documents/Projects/MyJobLeads/MyJobLeads.Tests/bin/Debug/MyJobLeads.Tests.DLL" adapterTypeName="Microsoft.VisualStudio.TestTools.TestTypes.Unit.UnitTestAdapter, Microsoft.VisualStudio.QualityTools.Tips.UnitTest.Adapter, Version=10.0.0.0, Culture=neutral, PublicKeyToken=b03f5f7f11d50a3a" className="MyJobLeads.Tests.Data.EFUnitOfWorkTests, MyJobLeads.Tests, Version=1.0.0.0, Culture=neutral, PublicKeyToken=null" name="Can_Add_New_Entities" />
    </UnitTest>
    <UnitTest name="ChangePasswordSuccess_ReturnsView" storage="c:\users\kalldrexx\documents\projects\myjobleads\myjobleads.tests\bin\debug\myjobleads.tests.dll" id="5c0fccc4-76c1-96a6-3fc6-5a6b8c1247fd">
      <Execution id="26a5287d-d7e7-4c43-9d98-55c1d26f547c" />
      <TestMethod codeBase="C:/Users/KallDrexx/Documents/Projects/MyJobLeads/MyJobLeads.Tests/bin/Debug/MyJobLeads.Tests.DLL" adapterTypeName="Microsoft.VisualStudio.TestTools.TestTypes.Unit.UnitTestAdapter, Microsoft.VisualStudio.QualityTools.Tips.UnitTest.Adapter, Version=10.0.0.0, Culture=neutral, PublicKeyToken=b03f5f7f11d50a3a" className="MyJobLeads.Tests.Controllers.AccountControllerTest, MyJobLeads.Tests, Version=1.0.0.0, Culture=neutral, PublicKeyToken=null" name="ChangePasswordSuccess_ReturnsView" />
    </UnitTest>
    <UnitTest name="Can_Add_New_Entities" storage="c:\users\kalldrexx\documents\projects\myjobleads\myjobleads.tests\bin\debug\myjobleads.tests.dll" id="3d6025db-5d2a-dcbd-730d-34e5126c162c">
      <Execution id="a1877ccb-acb1-4616-9295-e44520cc8a40" />
      <TestMethod codeBase="C:/Users/KallDrexx/Documents/Projects/MyJobLeads/MyJobLeads.Tests/bin/Debug/MyJobLeads.Tests.DLL" adapterTypeName="Microsoft.VisualStudio.TestTools.TestTypes.Unit.UnitTestAdapter, Microsoft.VisualStudio.QualityTools.Tips.UnitTest.Adapter, Version=10.0.0.0, Culture=neutral, PublicKeyToken=b03f5f7f11d50a3a" className="MyJobLeads.Tests.Data.InMemoryUnitOfWorkTests, MyJobLeads.Tests, Version=1.0.0.0, Culture=neutral, PublicKeyToken=null" name="Can_Add_New_Entities" />
    </UnitTest>
    <UnitTest name="Index" storage="c:\users\kalldrexx\documents\projects\myjobleads\myjobleads.tests\bin\debug\myjobleads.tests.dll" id="c485999a-98a5-d88d-ff7d-ff049d92f51f">
      <Execution id="e49a9d78-1019-45e8-b572-7c54950816f4" />
      <TestMethod codeBase="C:/Users/KallDrexx/Documents/Projects/MyJobLeads/MyJobLeads.Tests/bin/Debug/MyJobLeads.Tests.DLL" adapterTypeName="Microsoft.VisualStudio.TestTools.TestTypes.Unit.UnitTestAdapter, Microsoft.VisualStudio.QualityTools.Tips.UnitTest.Adapter, Version=10.0.0.0, Culture=neutral, PublicKeyToken=b03f5f7f11d50a3a" className="MyJobLeads.Tests.Controllers.HomeControllerTest, MyJobLeads.Tests, Version=1.0.0.0, Culture=neutral, PublicKeyToken=null" name="Index" />
    </UnitTest>
    <UnitTest name="Can_Fetch_Entities" storage="c:\users\kalldrexx\documents\projects\myjobleads\myjobleads.tests\bin\debug\myjobleads.tests.dll" id="5c450de0-dc73-686e-449e-8eeb4f7e89ba">
      <Execution id="1f6da1fe-01cf-455a-b214-6ba42c6347d7" />
      <TestMethod codeBase="C:/Users/KallDrexx/Documents/Projects/MyJobLeads/MyJobLeads.Tests/bin/Debug/MyJobLeads.Tests.DLL" adapterTypeName="Microsoft.VisualStudio.TestTools.TestTypes.Unit.UnitTestAdapter, Microsoft.VisualStudio.QualityTools.Tips.UnitTest.Adapter, Version=10.0.0.0, Culture=neutral, PublicKeyToken=b03f5f7f11d50a3a" className="MyJobLeads.Tests.Data.EFUnitOfWorkTests, MyJobLeads.Tests, Version=1.0.0.0, Culture=neutral, PublicKeyToken=null" name="Can_Fetch_Entities" />
    </UnitTest>
    <UnitTest name="LogOn_Post_ReturnsViewIfModelStateIsInvalid" storage="c:\users\kalldrexx\documents\projects\myjobleads\myjobleads.tests\bin\debug\myjobleads.tests.dll" id="6493e1ce-5765-19c9-c90b-7f44fdeb08fa">
      <Execution id="38e8ac67-861e-4691-a402-ac4f88754262" />
      <TestMethod codeBase="C:/Users/KallDrexx/Documents/Projects/MyJobLeads/MyJobLeads.Tests/bin/Debug/MyJobLeads.Tests.DLL" adapterTypeName="Microsoft.VisualStudio.TestTools.TestTypes.Unit.UnitTestAdapter, Microsoft.VisualStudio.QualityTools.Tips.UnitTest.Adapter, Version=10.0.0.0, Culture=neutral, PublicKeyToken=b03f5f7f11d50a3a" className="MyJobLeads.Tests.Controllers.AccountControllerTest, MyJobLeads.Tests, Version=1.0.0.0, Culture=neutral, PublicKeyToken=null" name="LogOn_Post_ReturnsViewIfModelStateIsInvalid" />
    </UnitTest>
    <UnitTest name="LogOn_Post_ReturnsRedirectOnSuccess_WithLocalReturnUrl" storage="c:\users\kalldrexx\documents\projects\myjobleads\myjobleads.tests\bin\debug\myjobleads.tests.dll" id="a8c9a37e-6ad6-8b8e-dd15-13a173b700d1">
      <Execution id="23116112-edd0-4fa6-8a0c-bfd903528997" />
      <TestMethod codeBase="C:/Users/KallDrexx/Documents/Projects/MyJobLeads/MyJobLeads.Tests/bin/Debug/MyJobLeads.Tests.DLL" adapterTypeName="Microsoft.VisualStudio.TestTools.TestTypes.Unit.UnitTestAdapter, Microsoft.VisualStudio.QualityTools.Tips.UnitTest.Adapter, Version=10.0.0.0, Culture=neutral, PublicKeyToken=b03f5f7f11d50a3a" className="MyJobLeads.Tests.Controllers.AccountControllerTest, MyJobLeads.Tests, Version=1.0.0.0, Culture=neutral, PublicKeyToken=null" name="LogOn_Post_ReturnsRedirectOnSuccess_WithLocalReturnUrl" />
    </UnitTest>
  </TestDefinitions>
  <TestLists>
    <TestList name="Results Not in a List" id="8c84fa94-04c1-424b-9868-57a2d4851a1d" />
    <TestList name="All Loaded Results" id="19431567-8539-422a-85d7-44ee4e166bda" />
  </TestLists>
  <TestEntries>
    <TestEntry testId="d0415d33-68c4-ee72-6285-ecda0d1e640d" executionId="944e8c5a-eb5d-40ba-9d20-e30860f1ee1f" testListId="8c84fa94-04c1-424b-9868-57a2d4851a1d" />
    <TestEntry testId="97fafcc9-ac02-1604-461b-829b17b30ea9" executionId="41f6aed9-dd67-4394-b435-57f60f307c73" testListId="8c84fa94-04c1-424b-9868-57a2d4851a1d" />
    <TestEntry testId="fbd19a48-7a68-fded-3442-cb6112a2f1f3" executionId="016f2c31-ccb9-4c71-ad2b-cea22d0b8029" testListId="8c84fa94-04c1-424b-9868-57a2d4851a1d" />
    <TestEntry testId="3fcceb79-5898-d701-ab2d-45d781ebc35f" executionId="23028494-176f-4ad9-bd7f-f1068a28f7ca" testListId="8c84fa94-04c1-424b-9868-57a2d4851a1d" />
    <TestEntry testId="5c0fccc4-76c1-96a6-3fc6-5a6b8c1247fd" executionId="26a5287d-d7e7-4c43-9d98-55c1d26f547c" testListId="8c84fa94-04c1-424b-9868-57a2d4851a1d" />
    <TestEntry testId="d73f45f8-5b35-24f6-d567-696424f6f989" executionId="a04daee7-5b1c-4d50-8322-f75a33795032" testListId="8c84fa94-04c1-424b-9868-57a2d4851a1d" />
    <TestEntry testId="a1263f6a-f52d-4942-3dc9-b6dc73eff97a" executionId="149d9664-e050-4586-bc37-5d9258db1a40" testListId="8c84fa94-04c1-424b-9868-57a2d4851a1d" />
    <TestEntry testId="ab7f7f5b-55e8-6ffd-6347-15d9c75912f4" executionId="86787c82-b483-471b-ad71-7a088c0a4dbf" testListId="8c84fa94-04c1-424b-9868-57a2d4851a1d" />
    <TestEntry testId="a8c9a37e-6ad6-8b8e-dd15-13a173b700d1" executionId="23116112-edd0-4fa6-8a0c-bfd903528997" testListId="8c84fa94-04c1-424b-9868-57a2d4851a1d" />
    <TestEntry testId="9fa909be-c5b9-2b2d-b0f1-66ef51d6fd75" executionId="81a9a404-2ced-4d71-a41e-99729367b7f2" testListId="8c84fa94-04c1-424b-9868-57a2d4851a1d" />
    <TestEntry testId="6493e1ce-5765-19c9-c90b-7f44fdeb08fa" executionId="38e8ac67-861e-4691-a402-ac4f88754262" testListId="8c84fa94-04c1-424b-9868-57a2d4851a1d" />
    <TestEntry testId="c2c1a057-7101-79b9-9361-a52a534693ab" executionId="f47c6ea2-8a24-42d5-9b88-a6d3d5fb9fad" testListId="8c84fa94-04c1-424b-9868-57a2d4851a1d" />
    <TestEntry testId="5e3e57f5-22b1-9097-019c-1ed0a8dbd9e8" executionId="f8c0188c-6457-4d9b-a2eb-41dae7f21224" testListId="8c84fa94-04c1-424b-9868-57a2d4851a1d" />
    <TestEntry testId="e1c193c3-9156-446a-2ff0-d2eaba209e4f" executionId="1a458c9c-9574-440a-89c6-8a892022e2af" testListId="8c84fa94-04c1-424b-9868-57a2d4851a1d" />
    <TestEntry testId="236b0303-b6cf-bb08-6e37-1b911fc9242b" executionId="a310366c-39fd-47c8-80f8-87e270254fc1" testListId="8c84fa94-04c1-424b-9868-57a2d4851a1d" />
    <TestEntry testId="66bdb291-f34b-51a9-3deb-89829e9281f1" executionId="0fa4d1e1-4000-4b70-a409-a8655d951c67" testListId="8c84fa94-04c1-424b-9868-57a2d4851a1d" />
    <TestEntry testId="6edf184e-fddc-d915-83ba-b25d6eeab8b6" executionId="0215a8f4-a7e1-4488-b66b-be16318b3160" testListId="8c84fa94-04c1-424b-9868-57a2d4851a1d" />
    <TestEntry testId="89b44fb1-4a4a-3ac6-c5d2-07735d6caf58" executionId="5dc0707d-cfc0-4459-804a-a803ccecde65" testListId="8c84fa94-04c1-424b-9868-57a2d4851a1d" />
    <TestEntry testId="5c450de0-dc73-686e-449e-8eeb4f7e89ba" executionId="1f6da1fe-01cf-455a-b214-6ba42c6347d7" testListId="8c84fa94-04c1-424b-9868-57a2d4851a1d" />
    <TestEntry testId="c485999a-98a5-d88d-ff7d-ff049d92f51f" executionId="e49a9d78-1019-45e8-b572-7c54950816f4" testListId="8c84fa94-04c1-424b-9868-57a2d4851a1d" />
    <TestEntry testId="9a1b1a6f-fd04-c4ac-a7b3-ec48f825c6e3" executionId="0768a232-44cc-4684-8775-9041f1f68dc3" testListId="8c84fa94-04c1-424b-9868-57a2d4851a1d" />
    <TestEntry testId="3d6025db-5d2a-dcbd-730d-34e5126c162c" executionId="a1877ccb-acb1-4616-9295-e44520cc8a40" testListId="8c84fa94-04c1-424b-9868-57a2d4851a1d" />
    <TestEntry testId="a7606f1a-26f9-89e5-ac83-8295978cd755" executionId="cfc1e47b-a44b-422d-984a-baf02fb09636" testListId="8c84fa94-04c1-424b-9868-57a2d4851a1d" />
    <TestEntry testId="c244799b-8a61-8e17-25a8-0a4c528ad902" executionId="5b8082c1-b366-4327-b639-ab8e2d33b292" testListId="8c84fa94-04c1-424b-9868-57a2d4851a1d" />
  </TestEntries>
  <Results>
    <UnitTestResult executionId="944e8c5a-eb5d-40ba-9d20-e30860f1ee1f" testId="d0415d33-68c4-ee72-6285-ecda0d1e640d" testName="ChangePassword_Get_ReturnsView" computerName="KALLTOP" duration="00:00:00.0378916" startTime="2011-03-11T00:28:17.4402581-05:00" endTime="2011-03-11T00:28:18.1002958-05:00" testType="13cdc9d9-ddb5-4fa4-a97d-d965ccfc6d4b" outcome="Passed" testListId="8c84fa94-04c1-424b-9868-57a2d4851a1d" relativeResultsDirectory="944e8c5a-eb5d-40ba-9d20-e30860f1ee1f">
    </UnitTestResult>
    <UnitTestResult executionId="41f6aed9-dd67-4394-b435-57f60f307c73" testId="97fafcc9-ac02-1604-461b-829b17b30ea9" testName="ChangePassword_Post_ReturnsRedirectOnSuccess" computerName="KALLTOP" duration="00:00:00.0020708" startTime="2011-03-11T00:28:18.1072962-05:00" endTime="2011-03-11T00:28:18.1402981-05:00" testType="13cdc9d9-ddb5-4fa4-a97d-d965ccfc6d4b" outcome="Passed" testListId="8c84fa94-04c1-424b-9868-57a2d4851a1d" relativeResultsDirectory="41f6aed9-dd67-4394-b435-57f60f307c73">
    </UnitTestResult>
    <UnitTestResult executionId="016f2c31-ccb9-4c71-ad2b-cea22d0b8029" testId="fbd19a48-7a68-fded-3442-cb6112a2f1f3" testName="ChangePassword_Post_ReturnsViewIfChangePasswordFails" computerName="KALLTOP" duration="00:00:00.0026095" startTime="2011-03-11T00:28:18.1462984-05:00" endTime="2011-03-11T00:28:18.1572991-05:00" testType="13cdc9d9-ddb5-4fa4-a97d-d965ccfc6d4b" outcome="Passed" testListId="8c84fa94-04c1-424b-9868-57a2d4851a1d" relativeResultsDirectory="016f2c31-ccb9-4c71-ad2b-cea22d0b8029">
    </UnitTestResult>
    <UnitTestResult executionId="23028494-176f-4ad9-bd7f-f1068a28f7ca" testId="3fcceb79-5898-d701-ab2d-45d781ebc35f" testName="ChangePassword_Post_ReturnsViewIfModelStateIsInvalid" computerName="KALLTOP" duration="00:00:00.0014964" startTime="2011-03-11T00:28:18.1622994-05:00" endTime="2011-03-11T00:28:18.1813004-05:00" testType="13cdc9d9-ddb5-4fa4-a97d-d965ccfc6d4b" outcome="Passed" testListId="8c84fa94-04c1-424b-9868-57a2d4851a1d" relativeResultsDirectory="23028494-176f-4ad9-bd7f-f1068a28f7ca">
    </UnitTestResult>
    <UnitTestResult executionId="26a5287d-d7e7-4c43-9d98-55c1d26f547c" testId="5c0fccc4-76c1-96a6-3fc6-5a6b8c1247fd" testName="ChangePasswordSuccess_ReturnsView" computerName="KALLTOP" duration="00:00:00.0003720" startTime="2011-03-11T00:28:18.1863007-05:00" endTime="2011-03-11T00:28:18.1943012-05:00" testType="13cdc9d9-ddb5-4fa4-a97d-d965ccfc6d4b" outcome="Passed" testListId="8c84fa94-04c1-424b-9868-57a2d4851a1d" relativeResultsDirectory="26a5287d-d7e7-4c43-9d98-55c1d26f547c">
    </UnitTestResult>
    <UnitTestResult executionId="a04daee7-5b1c-4d50-8322-f75a33795032" testId="d73f45f8-5b35-24f6-d567-696424f6f989" testName="LogOff_LogsOutAndRedirects" computerName="KALLTOP" duration="00:00:00.0015929" startTime="2011-03-11T00:28:18.2003015-05:00" endTime="2011-03-11T00:28:18.2173025-05:00" testType="13cdc9d9-ddb5-4fa4-a97d-d965ccfc6d4b" outcome="Passed" testListId="8c84fa94-04c1-424b-9868-57a2d4851a1d" relativeResultsDirectory="a04daee7-5b1c-4d50-8322-f75a33795032">
    </UnitTestResult>
    <UnitTestResult executionId="149d9664-e050-4586-bc37-5d9258db1a40" testId="a1263f6a-f52d-4942-3dc9-b6dc73eff97a" testName="LogOn_Get_ReturnsView" computerName="KALLTOP" duration="00:00:00.0003686" startTime="2011-03-11T00:28:18.2233028-05:00" endTime="2011-03-11T00:28:18.2293032-05:00" testType="13cdc9d9-ddb5-4fa4-a97d-d965ccfc6d4b" outcome="Passed" testListId="8c84fa94-04c1-424b-9868-57a2d4851a1d" relativeResultsDirectory="149d9664-e050-4586-bc37-5d9258db1a40">
    </UnitTestResult>
    <UnitTestResult executionId="86787c82-b483-471b-ad71-7a088c0a4dbf" testId="ab7f7f5b-55e8-6ffd-6347-15d9c75912f4" testName="LogOn_Post_ReturnsRedirectOnSuccess_WithoutReturnUrl" computerName="KALLTOP" duration="00:00:00.0018738" startTime="2011-03-11T00:28:18.2353035-05:00" endTime="2011-03-11T00:28:18.2423039-05:00" testType="13cdc9d9-ddb5-4fa4-a97d-d965ccfc6d4b" outcome="Passed" testListId="8c84fa94-04c1-424b-9868-57a2d4851a1d" relativeResultsDirectory="86787c82-b483-471b-ad71-7a088c0a4dbf">
    </UnitTestResult>
    <UnitTestResult executionId="23116112-edd0-4fa6-8a0c-bfd903528997" testId="a8c9a37e-6ad6-8b8e-dd15-13a173b700d1" testName="LogOn_Post_ReturnsRedirectOnSuccess_WithLocalReturnUrl" computerName="KALLTOP" duration="00:00:00.0084767" startTime="2011-03-11T00:28:18.2483043-05:00" endTime="2011-03-11T00:28:18.2733057-05:00" testType="13cdc9d9-ddb5-4fa4-a97d-d965ccfc6d4b" outcome="Passed" testListId="8c84fa94-04c1-424b-9868-57a2d4851a1d" relativeResultsDirectory="23116112-edd0-4fa6-8a0c-bfd903528997">
    </UnitTestResult>
    <UnitTestResult executionId="81a9a404-2ced-4d71-a41e-99729367b7f2" testId="9fa909be-c5b9-2b2d-b0f1-66ef51d6fd75" testName="LogOn_Post_ReturnsRedirectToHomeOnSuccess_WithExternalReturnUrl" computerName="KALLTOP" duration="00:00:00.0051211" startTime="2011-03-11T00:28:18.2883066-05:00" endTime="2011-03-11T00:28:18.3103078-05:00" testType="13cdc9d9-ddb5-4fa4-a97d-d965ccfc6d4b" outcome="Passed" testListId="8c84fa94-04c1-424b-9868-57a2d4851a1d" relativeResultsDirectory="81a9a404-2ced-4d71-a41e-99729367b7f2">
    </UnitTestResult>
    <UnitTestResult executionId="38e8ac67-861e-4691-a402-ac4f88754262" testId="6493e1ce-5765-19c9-c90b-7f44fdeb08fa" testName="LogOn_Post_ReturnsViewIfModelStateIsInvalid" computerName="KALLTOP" duration="00:00:00.0004251" startTime="2011-03-11T00:28:18.3163082-05:00" endTime="2011-03-11T00:28:18.3303090-05:00" testType="13cdc9d9-ddb5-4fa4-a97d-d965ccfc6d4b" outcome="Passed" testListId="8c84fa94-04c1-424b-9868-57a2d4851a1d" relativeResultsDirectory="38e8ac67-861e-4691-a402-ac4f88754262">
    </UnitTestResult>
    <UnitTestResult executionId="f47c6ea2-8a24-42d5-9b88-a6d3d5fb9fad" testId="c2c1a057-7101-79b9-9361-a52a534693ab" testName="LogOn_Post_ReturnsViewIfValidateUserFails" computerName="KALLTOP" duration="00:00:00.0051357" startTime="2011-03-11T00:28:18.3353092-05:00" endTime="2011-03-11T00:28:18.3573105-05:00" testType="13cdc9d9-ddb5-4fa4-a97d-d965ccfc6d4b" outcome="Passed" testListId="8c84fa94-04c1-424b-9868-57a2d4851a1d" relativeResultsDirectory="f47c6ea2-8a24-42d5-9b88-a6d3d5fb9fad">
    </UnitTestResult>
    <UnitTestResult executionId="f8c0188c-6457-4d9b-a2eb-41dae7f21224" testId="5e3e57f5-22b1-9097-019c-1ed0a8dbd9e8" testName="Register_Get_ReturnsView" computerName="KALLTOP" duration="00:00:00.0069432" startTime="2011-03-11T00:28:18.3633109-05:00" endTime="2011-03-11T00:28:18.4023131-05:00" testType="13cdc9d9-ddb5-4fa4-a97d-d965ccfc6d4b" outcome="Passed" testListId="8c84fa94-04c1-424b-9868-57a2d4851a1d" relativeResultsDirectory="f8c0188c-6457-4d9b-a2eb-41dae7f21224">
    </UnitTestResult>
    <UnitTestResult executionId="1a458c9c-9574-440a-89c6-8a892022e2af" testId="e1c193c3-9156-446a-2ff0-d2eaba209e4f" testName="Register_Post_ReturnsRedirectOnSuccess" computerName="KALLTOP" duration="00:00:00.0045116" startTime="2011-03-11T00:28:18.4263145-05:00" endTime="2011-03-11T00:28:18.4543161-05:00" testType="13cdc9d9-ddb5-4fa4-a97d-d965ccfc6d4b" outcome="Passed" testListId="8c84fa94-04c1-424b-9868-57a2d4851a1d" relativeResultsDirectory="1a458c9c-9574-440a-89c6-8a892022e2af">
    </UnitTestResult>
    <UnitTestResult executionId="a310366c-39fd-47c8-80f8-87e270254fc1" testId="236b0303-b6cf-bb08-6e37-1b911fc9242b" testName="Register_Post_ReturnsViewIfRegistrationFails" computerName="KALLTOP" duration="00:00:00.0022331" startTime="2011-03-11T00:28:18.4693169-05:00" endTime="2011-03-11T00:28:18.4883180-05:00" testType="13cdc9d9-ddb5-4fa4-a97d-d965ccfc6d4b" outcome="Passed" testListId="8c84fa94-04c1-424b-9868-57a2d4851a1d" relativeResultsDirectory="a310366c-39fd-47c8-80f8-87e270254fc1">
    </UnitTestResult>
    <UnitTestResult executionId="0fa4d1e1-4000-4b70-a409-a8655d951c67" testId="66bdb291-f34b-51a9-3deb-89829e9281f1" testName="Register_Post_ReturnsViewIfModelStateIsInvalid" computerName="KALLTOP" duration="00:00:00.0005841" startTime="2011-03-11T00:28:18.4923182-05:00" endTime="2011-03-11T00:28:18.4963185-05:00" testType="13cdc9d9-ddb5-4fa4-a97d-d965ccfc6d4b" outcome="Passed" testListId="8c84fa94-04c1-424b-9868-57a2d4851a1d" relativeResultsDirectory="0fa4d1e1-4000-4b70-a409-a8655d951c67">
    </UnitTestResult>
    <UnitTestResult executionId="0215a8f4-a7e1-4488-b66b-be16318b3160" testId="6edf184e-fddc-d915-83ba-b25d6eeab8b6" testName="Can_Add_New_Entities" computerName="KALLTOP" duration="00:00:02.6481838" startTime="2011-03-11T00:28:18.5133194-05:00" endTime="2011-03-11T00:28:21.1664712-05:00" testType="13cdc9d9-ddb5-4fa4-a97d-d965ccfc6d4b" outcome="Passed" testListId="8c84fa94-04c1-424b-9868-57a2d4851a1d" relativeResultsDirectory="0215a8f4-a7e1-4488-b66b-be16318b3160">
    </UnitTestResult>
    <UnitTestResult executionId="5dc0707d-cfc0-4459-804a-a803ccecde65" testId="89b44fb1-4a4a-3ac6-c5d2-07735d6caf58" testName="Can_Remove_Entities" computerName="KALLTOP" duration="00:00:00.0136286" startTime="2011-03-11T00:28:21.1704714-05:00" endTime="2011-03-11T00:28:21.1894725-05:00" testType="13cdc9d9-ddb5-4fa4-a97d-d965ccfc6d4b" outcome="Passed" testListId="8c84fa94-04c1-424b-9868-57a2d4851a1d" relativeResultsDirectory="5dc0707d-cfc0-4459-804a-a803ccecde65">
    </UnitTestResult>
    <UnitTestResult executionId="1f6da1fe-01cf-455a-b214-6ba42c6347d7" testId="5c450de0-dc73-686e-449e-8eeb4f7e89ba" testName="Can_Fetch_Entities" computerName="KALLTOP" duration="00:00:00.0210268" startTime="2011-03-11T00:28:21.1924727-05:00" endTime="2011-03-11T00:28:21.2204743-05:00" testType="13cdc9d9-ddb5-4fa4-a97d-d965ccfc6d4b" outcome="Passed" testListId="8c84fa94-04c1-424b-9868-57a2d4851a1d" relativeResultsDirectory="1f6da1fe-01cf-455a-b214-6ba42c6347d7">
    </UnitTestResult>
    <UnitTestResult executionId="e49a9d78-1019-45e8-b572-7c54950816f4" testId="c485999a-98a5-d88d-ff7d-ff049d92f51f" testName="Index" computerName="KALLTOP" duration="00:00:00.0188605" startTime="2011-03-11T00:28:21.2244745-05:00" endTime="2011-03-11T00:28:21.2474758-05:00" testType="13cdc9d9-ddb5-4fa4-a97d-d965ccfc6d4b" outcome="Passed" testListId="8c84fa94-04c1-424b-9868-57a2d4851a1d" relativeResultsDirectory="e49a9d78-1019-45e8-b572-7c54950816f4">
    </UnitTestResult>
    <UnitTestResult executionId="0768a232-44cc-4684-8775-9041f1f68dc3" testId="9a1b1a6f-fd04-c4ac-a7b3-ec48f825c6e3" testName="About" computerName="KALLTOP" duration="00:00:00.0003803" startTime="2011-03-11T00:28:21.2514760-05:00" endTime="2011-03-11T00:28:21.2584764-05:00" testType="13cdc9d9-ddb5-4fa4-a97d-d965ccfc6d4b" outcome="Passed" testListId="8c84fa94-04c1-424b-9868-57a2d4851a1d" relativeResultsDirectory="0768a232-44cc-4684-8775-9041f1f68dc3">
    </UnitTestResult>
    <UnitTestResult executionId="a1877ccb-acb1-4616-9295-e44520cc8a40" testId="3d6025db-5d2a-dcbd-730d-34e5126c162c" testName="Can_Add_New_Entities" computerName="KALLTOP" duration="00:00:00.0073124" startTime="2011-03-11T00:28:21.2614766-05:00" endTime="2011-03-11T00:28:21.2774775-05:00" testType="13cdc9d9-ddb5-4fa4-a97d-d965ccfc6d4b" outcome="Passed" testListId="8c84fa94-04c1-424b-9868-57a2d4851a1d" relativeResultsDirectory="a1877ccb-acb1-4616-9295-e44520cc8a40">
    </UnitTestResult>
    <UnitTestResult executionId="cfc1e47b-a44b-422d-984a-baf02fb09636" testId="a7606f1a-26f9-89e5-ac83-8295978cd755" testName="Can_Remove_Entities" computerName="KALLTOP" duration="00:00:00.0012199" startTime="2011-03-11T00:28:21.2804777-05:00" endTime="2011-03-11T00:28:21.2874781-05:00" testType="13cdc9d9-ddb5-4fa4-a97d-d965ccfc6d4b" outcome="Passed" testListId="8c84fa94-04c1-424b-9868-57a2d4851a1d" relativeResultsDirectory="cfc1e47b-a44b-422d-984a-baf02fb09636">
    </UnitTestResult>
    <UnitTestResult executionId="5b8082c1-b366-4327-b639-ab8e2d33b292" testId="c244799b-8a61-8e17-25a8-0a4c528ad902" testName="Can_Fetch_Entities" computerName="KALLTOP" duration="00:00:00.0033258" startTime="2011-03-11T00:28:21.2934784-05:00" endTime="2011-03-11T00:28:21.3014789-05:00" testType="13cdc9d9-ddb5-4fa4-a97d-d965ccfc6d4b" outcome="Passed" testListId="8c84fa94-04c1-424b-9868-57a2d4851a1d" relativeResultsDirectory="5b8082c1-b366-4327-b639-ab8e2d33b292">
    </UnitTestResult>
  </Results>
</TestRun>