<?xml version="1.0" encoding="UTF-8"?>
<TestRun id="c6436e02-0661-4f81-9fc1-d5e4bc9214b1" name="KallDrexx@KALLTOP 2011-03-11 00:28:00" runUser="KallTop\KallDrexx" xmlns="http://microsoft.com/schemas/VisualStudio/TeamTest/2010">
  <TestSettings name="Default Test Settings" id="5f6f4893-a497-4217-8b07-d2763b2a9df1">
    <Deployment runDeploymentRoot="KallDrexx_KALLTOP 2011-03-11 00_28_00">
      <DeploymentItem filename="C:\Users\KallDrexx\Documents\Projects\MyJobLeads\MyJobLeads.DomainModel\bin\Debug\MyJobLeads.DomainModel.dll" />
      <DeploymentItem filename="C:\Users\KallDrexx\Documents\Projects\MyJobLeads\packages\EFCodeFirst.0.8\lib\EntityFramework.dll" />
      <DeploymentItem filename="C:\Users\KallDrexx\Documents\Projects\MyJobLeads\MyJobLeads\bin\MyJobLeads.dll" />
    </Deployment>
    <Execution>
      <TestTypeSpecific />
      <AgentRule name="Execution Agents">
      </AgentRule>
    </Execution>
  </TestSettings>
  <Times creation="2011-03-11T00:28:00.7193017-05:00" queuing="2011-03-11T00:28:01.1753278-05:00" start="2011-03-11T00:28:01.2023293-05:00" finish="2011-03-11T00:28:05.6115815-05:00" />
  <ResultSummary outcome="Completed">
    <Counters total="24" executed="24" passed="24" error="0" failed="0" timeout="0" aborted="0" inconclusive="0" passedButRunAborted="0" notRunnable="0" notExecuted="0" disconnected="0" warning="0" completed="0" inProgress="0" pending="0" />
  </ResultSummary>
  <TestDefinitions>
    <UnitTest name="ChangePassword_Post_ReturnsViewIfChangePasswordFails" storage="c:\users\kalldrexx\documents\projects\myjobleads\myjobleads.tests\bin\debug\myjobleads.tests.dll" id="fbd19a48-7a68-fded-3442-cb6112a2f1f3">
      <Execution id="a0635563-3949-4fba-bf22-33cc70b2cd50" />
      <TestMethod codeBase="C:/Users/KallDrexx/Documents/Projects/MyJobLeads/MyJobLeads.Tests/bin/Debug/MyJobLeads.Tests.DLL" adapterTypeName="Microsoft.VisualStudio.TestTools.TestTypes.Unit.UnitTestAdapter, Microsoft.VisualStudio.QualityTools.Tips.UnitTest.Adapter, Version=10.0.0.0, Culture=neutral, PublicKeyToken=b03f5f7f11d50a3a" className="MyJobLeads.Tests.Controllers.AccountControllerTest, MyJobLeads.Tests, Version=1.0.0.0, Culture=neutral, PublicKeyToken=null" name="ChangePassword_Post_ReturnsViewIfChangePasswordFails" />
    </UnitTest>
    <UnitTest name="Can_Remove_Entities" storage="c:\users\kalldrexx\documents\projects\myjobleads\myjobleads.tests\bin\debug\myjobleads.tests.dll" id="89b44fb1-4a4a-3ac6-c5d2-07735d6caf58">
      <Execution id="fc635591-df69-4686-a04e-e2fa985d1911" />
      <TestMethod codeBase="C:/Users/KallDrexx/Documents/Projects/MyJobLeads/MyJobLeads.Tests/bin/Debug/MyJobLeads.Tests.DLL" adapterTypeName="Microsoft.VisualStudio.TestTools.TestTypes.Unit.UnitTestAdapter, Microsoft.VisualStudio.QualityTools.Tips.UnitTest.Adapter, Version=10.0.0.0, Culture=neutral, PublicKeyToken=b03f5f7f11d50a3a" className="MyJobLeads.Tests.Data.EFUnitOfWorkTests, MyJobLeads.Tests, Version=1.0.0.0, Culture=neutral, PublicKeyToken=null" name="Can_Remove_Entities" />
    </UnitTest>
    <UnitTest name="LogOn_Post_ReturnsViewIfValidateUserFails" storage="c:\users\kalldrexx\documents\projects\myjobleads\myjobleads.tests\bin\debug\myjobleads.tests.dll" id="c2c1a057-7101-79b9-9361-a52a534693ab">
      <Execution id="075ce203-74a3-47e9-8308-fd2b26d13633" />
      <TestMethod codeBase="C:/Users/KallDrexx/Documents/Projects/MyJobLeads/MyJobLeads.Tests/bin/Debug/MyJobLeads.Tests.DLL" adapterTypeName="Microsoft.VisualStudio.TestTools.TestTypes.Unit.UnitTestAdapter, Microsoft.VisualStudio.QualityTools.Tips.UnitTest.Adapter, Version=10.0.0.0, Culture=neutral, PublicKeyToken=b03f5f7f11d50a3a" className="MyJobLeads.Tests.Controllers.AccountControllerTest, MyJobLeads.Tests, Version=1.0.0.0, Culture=neutral, PublicKeyToken=null" name="LogOn_Post_ReturnsViewIfValidateUserFails" />
    </UnitTest>
    <UnitTest name="LogOn_Post_ReturnsRedirectOnSuccess_WithoutReturnUrl" storage="c:\users\kalldrexx\documents\projects\myjobleads\myjobleads.tests\bin\debug\myjobleads.tests.dll" id="ab7f7f5b-55e8-6ffd-6347-15d9c75912f4">
      <Execution id="aa4344ca-fc20-4e73-9e09-845284755543" />
      <TestMethod codeBase="C:/Users/KallDrexx/Documents/Projects/MyJobLeads/MyJobLeads.Tests/bin/Debug/MyJobLeads.Tests.DLL" adapterTypeName="Microsoft.VisualStudio.TestTools.TestTypes.Unit.UnitTestAdapter, Microsoft.VisualStudio.QualityTools.Tips.UnitTest.Adapter, Version=10.0.0.0, Culture=neutral, PublicKeyToken=b03f5f7f11d50a3a" className="MyJobLeads.Tests.Controllers.AccountControllerTest, MyJobLeads.Tests, Version=1.0.0.0, Culture=neutral, PublicKeyToken=null" name="LogOn_Post_ReturnsRedirectOnSuccess_WithoutReturnUrl" />
    </UnitTest>
    <UnitTest name="Register_Get_ReturnsView" storage="c:\users\kalldrexx\documents\projects\myjobleads\myjobleads.tests\bin\debug\myjobleads.tests.dll" id="5e3e57f5-22b1-9097-019c-1ed0a8dbd9e8">
      <Execution id="c01399bd-9b72-4906-8b40-5459e94c044f" />
      <TestMethod codeBase="C:/Users/KallDrexx/Documents/Projects/MyJobLeads/MyJobLeads.Tests/bin/Debug/MyJobLeads.Tests.DLL" adapterTypeName="Microsoft.VisualStudio.TestTools.TestTypes.Unit.UnitTestAdapter, Microsoft.VisualStudio.QualityTools.Tips.UnitTest.Adapter, Version=10.0.0.0, Culture=neutral, PublicKeyToken=b03f5f7f11d50a3a" className="MyJobLeads.Tests.Controllers.AccountControllerTest, MyJobLeads.Tests, Version=1.0.0.0, Culture=neutral, PublicKeyToken=null" name="Register_Get_ReturnsView" />
    </UnitTest>
    <UnitTest name="Can_Fetch_Entities" storage="c:\users\kalldrexx\documents\projects\myjobleads\myjobleads.tests\bin\debug\myjobleads.tests.dll" id="c244799b-8a61-8e17-25a8-0a4c528ad902">
      <Execution id="581d8083-fa71-44b8-a239-32c488ba2c30" />
      <TestMethod codeBase="C:/Users/KallDrexx/Documents/Projects/MyJobLeads/MyJobLeads.Tests/bin/Debug/MyJobLeads.Tests.DLL" adapterTypeName="Microsoft.VisualStudio.TestTools.TestTypes.Unit.UnitTestAdapter, Microsoft.VisualStudio.QualityTools.Tips.UnitTest.Adapter, Version=10.0.0.0, Culture=neutral, PublicKeyToken=b03f5f7f11d50a3a" className="MyJobLeads.Tests.Data.InMemoryUnitOfWorkTests, MyJobLeads.Tests, Version=1.0.0.0, Culture=neutral, PublicKeyToken=null" name="Can_Fetch_Entities" />
    </UnitTest>
    <UnitTest name="LogOn_Get_ReturnsView" storage="c:\users\kalldrexx\documents\projects\myjobleads\myjobleads.tests\bin\debug\myjobleads.tests.dll" id="a1263f6a-f52d-4942-3dc9-b6dc73eff97a">
      <Execution id="6051f27d-d091-408f-bbe8-2a65d9781aab" />
      <TestMethod codeBase="C:/Users/KallDrexx/Documents/Projects/MyJobLeads/MyJobLeads.Tests/bin/Debug/MyJobLeads.Tests.DLL" adapterTypeName="Microsoft.VisualStudio.TestTools.TestTypes.Unit.UnitTestAdapter, Microsoft.VisualStudio.QualityTools.Tips.UnitTest.Adapter, Version=10.0.0.0, Culture=neutral, PublicKeyToken=b03f5f7f11d50a3a" className="MyJobLeads.Tests.Controllers.AccountControllerTest, MyJobLeads.Tests, Version=1.0.0.0, Culture=neutral, PublicKeyToken=null" name="LogOn_Get_ReturnsView" />
    </UnitTest>
    <UnitTest name="ChangePassword_Post_ReturnsViewIfModelStateIsInvalid" storage="c:\users\kalldrexx\documents\projects\myjobleads\myjobleads.tests\bin\debug\myjobleads.tests.dll" id="3fcceb79-5898-d701-ab2d-45d781ebc35f">
      <Execution id="ced43606-7e00-420f-af90-f2294dedf544" />
      <TestMethod codeBase="C:/Users/KallDrexx/Documents/Projects/MyJobLeads/MyJobLeads.Tests/bin/Debug/MyJobLeads.Tests.DLL" adapterTypeName="Microsoft.VisualStudio.TestTools.TestTypes.Unit.UnitTestAdapter, Microsoft.VisualStudio.QualityTools.Tips.UnitTest.Adapter, Version=10.0.0.0, Culture=neutral, PublicKeyToken=b03f5f7f11d50a3a" className="MyJobLeads.Tests.Controllers.AccountControllerTest, MyJobLeads.Tests, Version=1.0.0.0, Culture=neutral, PublicKeyToken=null" name="ChangePassword_Post_ReturnsViewIfModelStateIsInvalid" />
    </UnitTest>
    <UnitTest name="Register_Post_ReturnsRedirectOnSuccess" storage="c:\users\kalldrexx\documents\projects\myjobleads\myjobleads.tests\bin\debug\myjobleads.tests.dll" id="e1c193c3-9156-446a-2ff0-d2eaba209e4f">
      <Execution id="fd7dec33-42d8-4439-8a74-feee36a1ea1f" />
      <TestMethod codeBase="C:/Users/KallDrexx/Documents/Projects/MyJobLeads/MyJobLeads.Tests/bin/Debug/MyJobLeads.Tests.DLL" adapterTypeName="Microsoft.VisualStudio.TestTools.TestTypes.Unit.UnitTestAdapter, Microsoft.VisualStudio.QualityTools.Tips.UnitTest.Adapter, Version=10.0.0.0, Culture=neutral, PublicKeyToken=b03f5f7f11d50a3a" className="MyJobLeads.Tests.Controllers.AccountControllerTest, MyJobLeads.Tests, Version=1.0.0.0, Culture=neutral, PublicKeyToken=null" name="Register_Post_ReturnsRedirectOnSuccess" />
    </UnitTest>
    <UnitTest name="Can_Remove_Entities" storage="c:\users\kalldrexx\documents\projects\myjobleads\myjobleads.tests\bin\debug\myjobleads.tests.dll" id="a7606f1a-26f9-89e5-ac83-8295978cd755">
      <Execution id="241557f4-c597-42c4-b315-4240d5e8ae6e" />
      <TestMethod codeBase="C:/Users/KallDrexx/Documents/Projects/MyJobLeads/MyJobLeads.Tests/bin/Debug/MyJobLeads.Tests.DLL" adapterTypeName="Microsoft.VisualStudio.TestTools.TestTypes.Unit.UnitTestAdapter, Microsoft.VisualStudio.QualityTools.Tips.UnitTest.Adapter, Version=10.0.0.0, Culture=neutral, PublicKeyToken=b03f5f7f11d50a3a" className="MyJobLeads.Tests.Data.InMemoryUnitOfWorkTests, MyJobLeads.Tests, Version=1.0.0.0, Culture=neutral, PublicKeyToken=null" name="Can_Remove_Entities" />
    </UnitTest>
    <UnitTest name="Register_Post_ReturnsViewIfRegistrationFails" storage="c:\users\kalldrexx\documents\projects\myjobleads\myjobleads.tests\bin\debug\myjobleads.tests.dll" id="236b0303-b6cf-bb08-6e37-1b911fc9242b">
      <Execution id="4f26bfbf-46ef-4629-a66e-2ca468bbdf0c" />
      <TestMethod codeBase="C:/Users/KallDrexx/Documents/Projects/MyJobLeads/MyJobLeads.Tests/bin/Debug/MyJobLeads.Tests.DLL" adapterTypeName="Microsoft.VisualStudio.TestTools.TestTypes.Unit.UnitTestAdapter, Microsoft.VisualStudio.QualityTools.Tips.UnitTest.Adapter, Version=10.0.0.0, Culture=neutral, PublicKeyToken=b03f5f7f11d50a3a" className="MyJobLeads.Tests.Controllers.AccountControllerTest, MyJobLeads.Tests, Version=1.0.0.0, Culture=neutral, PublicKeyToken=null" name="Register_Post_ReturnsViewIfRegistrationFails" />
    </UnitTest>
    <UnitTest name="ChangePassword_Get_ReturnsView" storage="c:\users\kalldrexx\documents\projects\myjobleads\myjobleads.tests\bin\debug\myjobleads.tests.dll" id="d0415d33-68c4-ee72-6285-ecda0d1e640d">
      <Execution id="d020d50e-d75c-491a-b842-6669389cf548" />
      <TestMethod codeBase="C:/Users/KallDrexx/Documents/Projects/MyJobLeads/MyJobLeads.Tests/bin/Debug/MyJobLeads.Tests.DLL" adapterTypeName="Microsoft.VisualStudio.TestTools.TestTypes.Unit.UnitTestAdapter, Microsoft.VisualStudio.QualityTools.Tips.UnitTest.Adapter, Version=10.0.0.0, Culture=neutral, PublicKeyToken=b03f5f7f11d50a3a" className="MyJobLeads.Tests.Controllers.AccountControllerTest, MyJobLeads.Tests, Version=1.0.0.0, Culture=neutral, PublicKeyToken=null" name="ChangePassword_Get_ReturnsView" />
    </UnitTest>
    <UnitTest name="LogOn_Post_ReturnsRedirectToHomeOnSuccess_WithExternalReturnUrl" storage="c:\users\kalldrexx\documents\projects\myjobleads\myjobleads.tests\bin\debug\myjobleads.tests.dll" id="9fa909be-c5b9-2b2d-b0f1-66ef51d6fd75">
      <Execution id="5aad945b-4093-4d33-b3a0-d6b64039fd97" />
      <TestMethod codeBase="C:/Users/KallDrexx/Documents/Projects/MyJobLeads/MyJobLeads.Tests/bin/Debug/MyJobLeads.Tests.DLL" adapterTypeName="Microsoft.VisualStudio.TestTools.TestTypes.Unit.UnitTestAdapter, Microsoft.VisualStudio.QualityTools.Tips.UnitTest.Adapter, Version=10.0.0.0, Culture=neutral, PublicKeyToken=b03f5f7f11d50a3a" className="MyJobLeads.Tests.Controllers.AccountControllerTest, MyJobLeads.Tests, Version=1.0.0.0, Culture=neutral, PublicKeyToken=null" name="LogOn_Post_ReturnsRedirectToHomeOnSuccess_WithExternalReturnUrl" />
    </UnitTest>
    <UnitTest name="About" storage="c:\users\kalldrexx\documents\projects\myjobleads\myjobleads.tests\bin\debug\myjobleads.tests.dll" id="9a1b1a6f-fd04-c4ac-a7b3-ec48f825c6e3">
      <Execution id="d9e6ae2c-c3b5-493b-885a-409b08e2fb13" />
      <TestMethod codeBase="C:/Users/KallDrexx/Documents/Projects/MyJobLeads/MyJobLeads.Tests/bin/Debug/MyJobLeads.Tests.DLL" adapterTypeName="Microsoft.VisualStudio.TestTools.TestTypes.Unit.UnitTestAdapter, Microsoft.VisualStudio.QualityTools.Tips.UnitTest.Adapter, Version=10.0.0.0, Culture=neutral, PublicKeyToken=b03f5f7f11d50a3a" className="MyJobLeads.Tests.Controllers.HomeControllerTest, MyJobLeads.Tests, Version=1.0.0.0, Culture=neutral, PublicKeyToken=null" name="About" />
    </UnitTest>
    <UnitTest name="LogOff_LogsOutAndRedirects" storage="c:\users\kalldrexx\documents\projects\myjobleads\myjobleads.tests\bin\debug\myjobleads.tests.dll" id="d73f45f8-5b35-24f6-d567-696424f6f989">
      <Execution id="4718c1d3-19f7-426a-af38-1d99b5b103ea" />
      <TestMethod codeBase="C:/Users/KallDrexx/Documents/Projects/MyJobLeads/MyJobLeads.Tests/bin/Debug/MyJobLeads.Tests.DLL" adapterTypeName="Microsoft.VisualStudio.TestTools.TestTypes.Unit.UnitTestAdapter, Microsoft.VisualStudio.QualityTools.Tips.UnitTest.Adapter, Version=10.0.0.0, Culture=neutral, PublicKeyToken=b03f5f7f11d50a3a" className="MyJobLeads.Tests.Controllers.AccountControllerTest, MyJobLeads.Tests, Version=1.0.0.0, Culture=neutral, PublicKeyToken=null" name="LogOff_LogsOutAndRedirects" />
    </UnitTest>
    <UnitTest name="ChangePassword_Post_ReturnsRedirectOnSuccess" storage="c:\users\kalldrexx\documents\projects\myjobleads\myjobleads.tests\bin\debug\myjobleads.tests.dll" id="97fafcc9-ac02-1604-461b-829b17b30ea9">
      <Execution id="bd47be8d-3385-4168-8b98-c5bc28e69877" />
      <TestMethod codeBase="C:/Users/KallDrexx/Documents/Projects/MyJobLeads/MyJobLeads.Tests/bin/Debug/MyJobLeads.Tests.DLL" adapterTypeName="Microsoft.VisualStudio.TestTools.TestTypes.Unit.UnitTestAdapter, Microsoft.VisualStudio.QualityTools.Tips.UnitTest.Adapter, Version=10.0.0.0, Culture=neutral, PublicKeyToken=b03f5f7f11d50a3a" className="MyJobLeads.Tests.Controllers.AccountControllerTest, MyJobLeads.Tests, Version=1.0.0.0, Culture=neutral, PublicKeyToken=null" name="ChangePassword_Post_ReturnsRedirectOnSuccess" />
    </UnitTest>
    <UnitTest name="Register_Post_ReturnsViewIfModelStateIsInvalid" storage="c:\users\kalldrexx\documents\projects\myjobleads\myjobleads.tests\bin\debug\myjobleads.tests.dll" id="66bdb291-f34b-51a9-3deb-89829e9281f1">
      <Execution id="778d56a4-c31e-4722-9a8e-24a70f36783b" />
      <TestMethod codeBase="C:/Users/KallDrexx/Documents/Projects/MyJobLeads/MyJobLeads.Tests/bin/Debug/MyJobLeads.Tests.DLL" adapterTypeName="Microsoft.VisualStudio.TestTools.TestTypes.Unit.UnitTestAdapter, Microsoft.VisualStudio.QualityTools.Tips.UnitTest.Adapter, Version=10.0.0.0, Culture=neutral, PublicKeyToken=b03f5f7f11d50a3a" className="MyJobLeads.Tests.Controllers.AccountControllerTest, MyJobLeads.Tests, Version=1.0.0.0, Culture=neutral, PublicKeyToken=null" name="Register_Post_ReturnsViewIfModelStateIsInvalid" />
    </UnitTest>
    <UnitTest name="Can_Add_New_Entities" storage="c:\users\kalldrexx\documents\projects\myjobleads\myjobleads.tests\bin\debug\myjobleads.tests.dll" id="6edf184e-fddc-d915-83ba-b25d6eeab8b6">
      <Execution id="7fead671-a9b4-4557-8516-ecd6abca5d38" />
      <TestMethod codeBase="C:/Users/KallDrexx/Documents/Projects/MyJobLeads/MyJobLeads.Tests/bin/Debug/MyJobLeads.Tests.DLL" adapterTypeName="Microsoft.VisualStudio.TestTools.TestTypes.Unit.UnitTestAdapter, Microsoft.VisualStudio.QualityTools.Tips.UnitTest.Adapter, Version=10.0.0.0, Culture=neutral, PublicKeyToken=b03f5f7f11d50a3a" className="MyJobLeads.Tests.Data.EFUnitOfWorkTests, MyJobLeads.Tests, Version=1.0.0.0, Culture=neutral, PublicKeyToken=null" name="Can_Add_New_Entities" />
    </UnitTest>
    <UnitTest name="ChangePasswordSuccess_ReturnsView" storage="c:\users\kalldrexx\documents\projects\myjobleads\myjobleads.tests\bin\debug\myjobleads.tests.dll" id="5c0fccc4-76c1-96a6-3fc6-5a6b8c1247fd">
      <Execution id="057dd709-f43f-4534-865e-9acda0914fef" />
      <TestMethod codeBase="C:/Users/KallDrexx/Documents/Projects/MyJobLeads/MyJobLeads.Tests/bin/Debug/MyJobLeads.Tests.DLL" adapterTypeName="Microsoft.VisualStudio.TestTools.TestTypes.Unit.UnitTestAdapter, Microsoft.VisualStudio.QualityTools.Tips.UnitTest.Adapter, Version=10.0.0.0, Culture=neutral, PublicKeyToken=b03f5f7f11d50a3a" className="MyJobLeads.Tests.Controllers.AccountControllerTest, MyJobLeads.Tests, Version=1.0.0.0, Culture=neutral, PublicKeyToken=null" name="ChangePasswordSuccess_ReturnsView" />
    </UnitTest>
    <UnitTest name="Can_Add_New_Entities" storage="c:\users\kalldrexx\documents\projects\myjobleads\myjobleads.tests\bin\debug\myjobleads.tests.dll" id="3d6025db-5d2a-dcbd-730d-34e5126c162c">
      <Execution id="2bb8b6a5-fa64-45a7-a7fb-621eaedbcdc6" />
      <TestMethod codeBase="C:/Users/KallDrexx/Documents/Projects/MyJobLeads/MyJobLeads.Tests/bin/Debug/MyJobLeads.Tests.DLL" adapterTypeName="Microsoft.VisualStudio.TestTools.TestTypes.Unit.UnitTestAdapter, Microsoft.VisualStudio.QualityTools.Tips.UnitTest.Adapter, Version=10.0.0.0, Culture=neutral, PublicKeyToken=b03f5f7f11d50a3a" className="MyJobLeads.Tests.Data.InMemoryUnitOfWorkTests, MyJobLeads.Tests, Version=1.0.0.0, Culture=neutral, PublicKeyToken=null" name="Can_Add_New_Entities" />
    </UnitTest>
    <UnitTest name="Index" storage="c:\users\kalldrexx\documents\projects\myjobleads\myjobleads.tests\bin\debug\myjobleads.tests.dll" id="c485999a-98a5-d88d-ff7d-ff049d92f51f">
      <Execution id="755e74ac-3429-4f03-9987-5b87f7c606f0" />
      <TestMethod codeBase="C:/Users/KallDrexx/Documents/Projects/MyJobLeads/MyJobLeads.Tests/bin/Debug/MyJobLeads.Tests.DLL" adapterTypeName="Microsoft.VisualStudio.TestTools.TestTypes.Unit.UnitTestAdapter, Microsoft.VisualStudio.QualityTools.Tips.UnitTest.Adapter, Version=10.0.0.0, Culture=neutral, PublicKeyToken=b03f5f7f11d50a3a" className="MyJobLeads.Tests.Controllers.HomeControllerTest, MyJobLeads.Tests, Version=1.0.0.0, Culture=neutral, PublicKeyToken=null" name="Index" />
    </UnitTest>
    <UnitTest name="Can_Fetch_Entities" storage="c:\users\kalldrexx\documents\projects\myjobleads\myjobleads.tests\bin\debug\myjobleads.tests.dll" id="5c450de0-dc73-686e-449e-8eeb4f7e89ba">
      <Execution id="85168e83-dd21-4e73-a6da-b56d690a6da2" />
      <TestMethod codeBase="C:/Users/KallDrexx/Documents/Projects/MyJobLeads/MyJobLeads.Tests/bin/Debug/MyJobLeads.Tests.DLL" adapterTypeName="Microsoft.VisualStudio.TestTools.TestTypes.Unit.UnitTestAdapter, Microsoft.VisualStudio.QualityTools.Tips.UnitTest.Adapter, Version=10.0.0.0, Culture=neutral, PublicKeyToken=b03f5f7f11d50a3a" className="MyJobLeads.Tests.Data.EFUnitOfWorkTests, MyJobLeads.Tests, Version=1.0.0.0, Culture=neutral, PublicKeyToken=null" name="Can_Fetch_Entities" />
    </UnitTest>
    <UnitTest name="LogOn_Post_ReturnsViewIfModelStateIsInvalid" storage="c:\users\kalldrexx\documents\projects\myjobleads\myjobleads.tests\bin\debug\myjobleads.tests.dll" id="6493e1ce-5765-19c9-c90b-7f44fdeb08fa">
      <Execution id="fa492e42-2a03-468c-91c0-48084a25fcbc" />
      <TestMethod codeBase="C:/Users/KallDrexx/Documents/Projects/MyJobLeads/MyJobLeads.Tests/bin/Debug/MyJobLeads.Tests.DLL" adapterTypeName="Microsoft.VisualStudio.TestTools.TestTypes.Unit.UnitTestAdapter, Microsoft.VisualStudio.QualityTools.Tips.UnitTest.Adapter, Version=10.0.0.0, Culture=neutral, PublicKeyToken=b03f5f7f11d50a3a" className="MyJobLeads.Tests.Controllers.AccountControllerTest, MyJobLeads.Tests, Version=1.0.0.0, Culture=neutral, PublicKeyToken=null" name="LogOn_Post_ReturnsViewIfModelStateIsInvalid" />
    </UnitTest>
    <UnitTest name="LogOn_Post_ReturnsRedirectOnSuccess_WithLocalReturnUrl" storage="c:\users\kalldrexx\documents\projects\myjobleads\myjobleads.tests\bin\debug\myjobleads.tests.dll" id="a8c9a37e-6ad6-8b8e-dd15-13a173b700d1">
      <Execution id="44a59f66-ad48-49a0-b71d-ed8779ea1095" />
      <TestMethod codeBase="C:/Users/KallDrexx/Documents/Projects/MyJobLeads/MyJobLeads.Tests/bin/Debug/MyJobLeads.Tests.DLL" adapterTypeName="Microsoft.VisualStudio.TestTools.TestTypes.Unit.UnitTestAdapter, Microsoft.VisualStudio.QualityTools.Tips.UnitTest.Adapter, Version=10.0.0.0, Culture=neutral, PublicKeyToken=b03f5f7f11d50a3a" className="MyJobLeads.Tests.Controllers.AccountControllerTest, MyJobLeads.Tests, Version=1.0.0.0, Culture=neutral, PublicKeyToken=null" name="LogOn_Post_ReturnsRedirectOnSuccess_WithLocalReturnUrl" />
    </UnitTest>
  </TestDefinitions>
  <TestLists>
    <TestList name="Results Not in a List" id="8c84fa94-04c1-424b-9868-57a2d4851a1d" />
    <TestList name="All Loaded Results" id="19431567-8539-422a-85d7-44ee4e166bda" />
  </TestLists>
  <TestEntries>
    <TestEntry testId="d0415d33-68c4-ee72-6285-ecda0d1e640d" executionId="d020d50e-d75c-491a-b842-6669389cf548" testListId="8c84fa94-04c1-424b-9868-57a2d4851a1d" />
    <TestEntry testId="97fafcc9-ac02-1604-461b-829b17b30ea9" executionId="bd47be8d-3385-4168-8b98-c5bc28e69877" testListId="8c84fa94-04c1-424b-9868-57a2d4851a1d" />
    <TestEntry testId="fbd19a48-7a68-fded-3442-cb6112a2f1f3" executionId="a0635563-3949-4fba-bf22-33cc70b2cd50" testListId="8c84fa94-04c1-424b-9868-57a2d4851a1d" />
    <TestEntry testId="3fcceb79-5898-d701-ab2d-45d781ebc35f" executionId="ced43606-7e00-420f-af90-f2294dedf544" testListId="8c84fa94-04c1-424b-9868-57a2d4851a1d" />
    <TestEntry testId="5c0fccc4-76c1-96a6-3fc6-5a6b8c1247fd" executionId="057dd709-f43f-4534-865e-9acda0914fef" testListId="8c84fa94-04c1-424b-9868-57a2d4851a1d" />
    <TestEntry testId="d73f45f8-5b35-24f6-d567-696424f6f989" executionId="4718c1d3-19f7-426a-af38-1d99b5b103ea" testListId="8c84fa94-04c1-424b-9868-57a2d4851a1d" />
    <TestEntry testId="a1263f6a-f52d-4942-3dc9-b6dc73eff97a" executionId="6051f27d-d091-408f-bbe8-2a65d9781aab" testListId="8c84fa94-04c1-424b-9868-57a2d4851a1d" />
    <TestEntry testId="ab7f7f5b-55e8-6ffd-6347-15d9c75912f4" executionId="aa4344ca-fc20-4e73-9e09-845284755543" testListId="8c84fa94-04c1-424b-9868-57a2d4851a1d" />
    <TestEntry testId="a8c9a37e-6ad6-8b8e-dd15-13a173b700d1" executionId="44a59f66-ad48-49a0-b71d-ed8779ea1095" testListId="8c84fa94-04c1-424b-9868-57a2d4851a1d" />
    <TestEntry testId="9fa909be-c5b9-2b2d-b0f1-66ef51d6fd75" executionId="5aad945b-4093-4d33-b3a0-d6b64039fd97" testListId="8c84fa94-04c1-424b-9868-57a2d4851a1d" />
    <TestEntry testId="6493e1ce-5765-19c9-c90b-7f44fdeb08fa" executionId="fa492e42-2a03-468c-91c0-48084a25fcbc" testListId="8c84fa94-04c1-424b-9868-57a2d4851a1d" />
    <TestEntry testId="c2c1a057-7101-79b9-9361-a52a534693ab" executionId="075ce203-74a3-47e9-8308-fd2b26d13633" testListId="8c84fa94-04c1-424b-9868-57a2d4851a1d" />
    <TestEntry testId="5e3e57f5-22b1-9097-019c-1ed0a8dbd9e8" executionId="c01399bd-9b72-4906-8b40-5459e94c044f" testListId="8c84fa94-04c1-424b-9868-57a2d4851a1d" />
    <TestEntry testId="e1c193c3-9156-446a-2ff0-d2eaba209e4f" executionId="fd7dec33-42d8-4439-8a74-feee36a1ea1f" testListId="8c84fa94-04c1-424b-9868-57a2d4851a1d" />
    <TestEntry testId="236b0303-b6cf-bb08-6e37-1b911fc9242b" executionId="4f26bfbf-46ef-4629-a66e-2ca468bbdf0c" testListId="8c84fa94-04c1-424b-9868-57a2d4851a1d" />
    <TestEntry testId="66bdb291-f34b-51a9-3deb-89829e9281f1" executionId="778d56a4-c31e-4722-9a8e-24a70f36783b" testListId="8c84fa94-04c1-424b-9868-57a2d4851a1d" />
    <TestEntry testId="6edf184e-fddc-d915-83ba-b25d6eeab8b6" executionId="7fead671-a9b4-4557-8516-ecd6abca5d38" testListId="8c84fa94-04c1-424b-9868-57a2d4851a1d" />
    <TestEntry testId="89b44fb1-4a4a-3ac6-c5d2-07735d6caf58" executionId="fc635591-df69-4686-a04e-e2fa985d1911" testListId="8c84fa94-04c1-424b-9868-57a2d4851a1d" />
    <TestEntry testId="5c450de0-dc73-686e-449e-8eeb4f7e89ba" executionId="85168e83-dd21-4e73-a6da-b56d690a6da2" testListId="8c84fa94-04c1-424b-9868-57a2d4851a1d" />
    <TestEntry testId="c485999a-98a5-d88d-ff7d-ff049d92f51f" executionId="755e74ac-3429-4f03-9987-5b87f7c606f0" testListId="8c84fa94-04c1-424b-9868-57a2d4851a1d" />
    <TestEntry testId="9a1b1a6f-fd04-c4ac-a7b3-ec48f825c6e3" executionId="d9e6ae2c-c3b5-493b-885a-409b08e2fb13" testListId="8c84fa94-04c1-424b-9868-57a2d4851a1d" />
    <TestEntry testId="3d6025db-5d2a-dcbd-730d-34e5126c162c" executionId="2bb8b6a5-fa64-45a7-a7fb-621eaedbcdc6" testListId="8c84fa94-04c1-424b-9868-57a2d4851a1d" />
    <TestEntry testId="a7606f1a-26f9-89e5-ac83-8295978cd755" executionId="241557f4-c597-42c4-b315-4240d5e8ae6e" testListId="8c84fa94-04c1-424b-9868-57a2d4851a1d" />
    <TestEntry testId="c244799b-8a61-8e17-25a8-0a4c528ad902" executionId="581d8083-fa71-44b8-a239-32c488ba2c30" testListId="8c84fa94-04c1-424b-9868-57a2d4851a1d" />
  </TestEntries>
  <Results>
    <UnitTestResult executionId="d020d50e-d75c-491a-b842-6669389cf548" testId="d0415d33-68c4-ee72-6285-ecda0d1e640d" testName="ChangePassword_Get_ReturnsView" computerName="KALLTOP" duration="00:00:00.0370535" startTime="2011-03-11T00:28:01.2283308-05:00" endTime="2011-03-11T00:28:01.8313653-05:00" testType="13cdc9d9-ddb5-4fa4-a97d-d965ccfc6d4b" outcome="Passed" testListId="8c84fa94-04c1-424b-9868-57a2d4851a1d" relativeResultsDirectory="d020d50e-d75c-491a-b842-6669389cf548">
    </UnitTestResult>
    <UnitTestResult executionId="bd47be8d-3385-4168-8b98-c5bc28e69877" testId="97fafcc9-ac02-1604-461b-829b17b30ea9" testName="ChangePassword_Post_ReturnsRedirectOnSuccess" computerName="KALLTOP" duration="00:00:00.0019615" startTime="2011-03-11T00:28:01.8363656-05:00" endTime="2011-03-11T00:28:01.8423659-05:00" testType="13cdc9d9-ddb5-4fa4-a97d-d965ccfc6d4b" outcome="Passed" testListId="8c84fa94-04c1-424b-9868-57a2d4851a1d" relativeResultsDirectory="bd47be8d-3385-4168-8b98-c5bc28e69877">
    </UnitTestResult>
    <UnitTestResult executionId="a0635563-3949-4fba-bf22-33cc70b2cd50" testId="fbd19a48-7a68-fded-3442-cb6112a2f1f3" testName="ChangePassword_Post_ReturnsViewIfChangePasswordFails" computerName="KALLTOP" duration="00:00:00.0025569" startTime="2011-03-11T00:28:01.8453661-05:00" endTime="2011-03-11T00:28:01.8523665-05:00" testType="13cdc9d9-ddb5-4fa4-a97d-d965ccfc6d4b" outcome="Passed" testListId="8c84fa94-04c1-424b-9868-57a2d4851a1d" relativeResultsDirectory="a0635563-3949-4fba-bf22-33cc70b2cd50">
    </UnitTestResult>
    <UnitTestResult executionId="ced43606-7e00-420f-af90-f2294dedf544" testId="3fcceb79-5898-d701-ab2d-45d781ebc35f" testName="ChangePassword_Post_ReturnsViewIfModelStateIsInvalid" computerName="KALLTOP" duration="00:00:00.0005168" startTime="2011-03-11T00:28:01.8553667-05:00" endTime="2011-03-11T00:28:01.8603669-05:00" testType="13cdc9d9-ddb5-4fa4-a97d-d965ccfc6d4b" outcome="Passed" testListId="8c84fa94-04c1-424b-9868-57a2d4851a1d" relativeResultsDirectory="ced43606-7e00-420f-af90-f2294dedf544">
    </UnitTestResult>
    <UnitTestResult executionId="057dd709-f43f-4534-865e-9acda0914fef" testId="5c0fccc4-76c1-96a6-3fc6-5a6b8c1247fd" testName="ChangePasswordSuccess_ReturnsView" computerName="KALLTOP" duration="00:00:00.0003788" startTime="2011-03-11T00:28:01.8633671-05:00" endTime="2011-03-11T00:28:01.8683674-05:00" testType="13cdc9d9-ddb5-4fa4-a97d-d965ccfc6d4b" outcome="Passed" testListId="8c84fa94-04c1-424b-9868-57a2d4851a1d" relativeResultsDirectory="057dd709-f43f-4534-865e-9acda0914fef">
    </UnitTestResult>
    <UnitTestResult executionId="4718c1d3-19f7-426a-af38-1d99b5b103ea" testId="d73f45f8-5b35-24f6-d567-696424f6f989" testName="LogOff_LogsOutAndRedirects" computerName="KALLTOP" duration="00:00:00.0007391" startTime="2011-03-11T00:28:01.8713676-05:00" endTime="2011-03-11T00:28:01.8763679-05:00" testType="13cdc9d9-ddb5-4fa4-a97d-d965ccfc6d4b" outcome="Passed" testListId="8c84fa94-04c1-424b-9868-57a2d4851a1d" relativeResultsDirectory="4718c1d3-19f7-426a-af38-1d99b5b103ea">
    </UnitTestResult>
    <UnitTestResult executionId="6051f27d-d091-408f-bbe8-2a65d9781aab" testId="a1263f6a-f52d-4942-3dc9-b6dc73eff97a" testName="LogOn_Get_ReturnsView" computerName="KALLTOP" duration="00:00:00.0003598" startTime="2011-03-11T00:28:01.8793680-05:00" endTime="2011-03-11T00:28:01.8843683-05:00" testType="13cdc9d9-ddb5-4fa4-a97d-d965ccfc6d4b" outcome="Passed" testListId="8c84fa94-04c1-424b-9868-57a2d4851a1d" relativeResultsDirectory="6051f27d-d091-408f-bbe8-2a65d9781aab">
    </UnitTestResult>
    <UnitTestResult executionId="aa4344ca-fc20-4e73-9e09-845284755543" testId="ab7f7f5b-55e8-6ffd-6347-15d9c75912f4" testName="LogOn_Post_ReturnsRedirectOnSuccess_WithoutReturnUrl" computerName="KALLTOP" duration="00:00:00.0017494" startTime="2011-03-11T00:28:01.8873685-05:00" endTime="2011-03-11T00:28:01.8933688-05:00" testType="13cdc9d9-ddb5-4fa4-a97d-d965ccfc6d4b" outcome="Passed" testListId="8c84fa94-04c1-424b-9868-57a2d4851a1d" relativeResultsDirectory="aa4344ca-fc20-4e73-9e09-845284755543">
    </UnitTestResult>
    <UnitTestResult executionId="44a59f66-ad48-49a0-b71d-ed8779ea1095" testId="a8c9a37e-6ad6-8b8e-dd15-13a173b700d1" testName="LogOn_Post_ReturnsRedirectOnSuccess_WithLocalReturnUrl" computerName="KALLTOP" duration="00:00:00.0004734" startTime="2011-03-11T00:28:01.8973691-05:00" endTime="2011-03-11T00:28:01.9013693-05:00" testType="13cdc9d9-ddb5-4fa4-a97d-d965ccfc6d4b" outcome="Passed" testListId="8c84fa94-04c1-424b-9868-57a2d4851a1d" relativeResultsDirectory="44a59f66-ad48-49a0-b71d-ed8779ea1095">
    </UnitTestResult>
    <UnitTestResult executionId="5aad945b-4093-4d33-b3a0-d6b64039fd97" testId="9fa909be-c5b9-2b2d-b0f1-66ef51d6fd75" testName="LogOn_Post_ReturnsRedirectToHomeOnSuccess_WithExternalReturnUrl" computerName="KALLTOP" duration="00:00:00.0005387" startTime="2011-03-11T00:28:01.9053695-05:00" endTime="2011-03-11T00:28:01.9083697-05:00" testType="13cdc9d9-ddb5-4fa4-a97d-d965ccfc6d4b" outcome="Passed" testListId="8c84fa94-04c1-424b-9868-57a2d4851a1d" relativeResultsDirectory="5aad945b-4093-4d33-b3a0-d6b64039fd97">
    </UnitTestResult>
    <UnitTestResult executionId="fa492e42-2a03-468c-91c0-48084a25fcbc" testId="6493e1ce-5765-19c9-c90b-7f44fdeb08fa" testName="LogOn_Post_ReturnsViewIfModelStateIsInvalid" computerName="KALLTOP" duration="00:00:00.0004129" startTime="2011-03-11T00:28:01.9123699-05:00" endTime="2011-03-11T00:28:01.9173702-05:00" testType="13cdc9d9-ddb5-4fa4-a97d-d965ccfc6d4b" outcome="Passed" testListId="8c84fa94-04c1-424b-9868-57a2d4851a1d" relativeResultsDirectory="fa492e42-2a03-468c-91c0-48084a25fcbc">
    </UnitTestResult>
    <UnitTestResult executionId="075ce203-74a3-47e9-8308-fd2b26d13633" testId="c2c1a057-7101-79b9-9361-a52a534693ab" testName="LogOn_Post_ReturnsViewIfValidateUserFails" computerName="KALLTOP" duration="00:00:00.0005095" startTime="2011-03-11T00:28:01.9213704-05:00" endTime="2011-03-11T00:28:01.9263707-05:00" testType="13cdc9d9-ddb5-4fa4-a97d-d965ccfc6d4b" outcome="Passed" testListId="8c84fa94-04c1-424b-9868-57a2d4851a1d" relativeResultsDirectory="075ce203-74a3-47e9-8308-fd2b26d13633">
    </UnitTestResult>
    <UnitTestResult executionId="c01399bd-9b72-4906-8b40-5459e94c044f" testId="5e3e57f5-22b1-9097-019c-1ed0a8dbd9e8" testName="Register_Get_ReturnsView" computerName="KALLTOP" duration="00:00:00.0030084" startTime="2011-03-11T00:28:01.9833740-05:00" endTime="2011-03-11T00:28:01.9943746-05:00" testType="13cdc9d9-ddb5-4fa4-a97d-d965ccfc6d4b" outcome="Passed" testListId="8c84fa94-04c1-424b-9868-57a2d4851a1d" relativeResultsDirectory="c01399bd-9b72-4906-8b40-5459e94c044f">
    </UnitTestResult>
    <UnitTestResult executionId="fd7dec33-42d8-4439-8a74-feee36a1ea1f" testId="e1c193c3-9156-446a-2ff0-d2eaba209e4f" testName="Register_Post_ReturnsRedirectOnSuccess" computerName="KALLTOP" duration="00:00:00.0035891" startTime="2011-03-11T00:28:01.9983748-05:00" endTime="2011-03-11T00:28:02.0183760-05:00" testType="13cdc9d9-ddb5-4fa4-a97d-d965ccfc6d4b" outcome="Passed" testListId="8c84fa94-04c1-424b-9868-57a2d4851a1d" relativeResultsDirectory="fd7dec33-42d8-4439-8a74-feee36a1ea1f">
    </UnitTestResult>
    <UnitTestResult executionId="4f26bfbf-46ef-4629-a66e-2ca468bbdf0c" testId="236b0303-b6cf-bb08-6e37-1b911fc9242b" testName="Register_Post_ReturnsViewIfRegistrationFails" computerName="KALLTOP" duration="00:00:00.0065415" startTime="2011-03-11T00:28:02.0243763-05:00" endTime="2011-03-11T00:28:02.0493777-05:00" testType="13cdc9d9-ddb5-4fa4-a97d-d965ccfc6d4b" outcome="Passed" testListId="8c84fa94-04c1-424b-9868-57a2d4851a1d" relativeResultsDirectory="4f26bfbf-46ef-4629-a66e-2ca468bbdf0c">
    </UnitTestResult>
    <UnitTestResult executionId="778d56a4-c31e-4722-9a8e-24a70f36783b" testId="66bdb291-f34b-51a9-3deb-89829e9281f1" testName="Register_Post_ReturnsViewIfModelStateIsInvalid" computerName="KALLTOP" duration="00:00:00.0005334" startTime="2011-03-11T00:28:02.0563781-05:00" endTime="2011-03-11T00:28:02.0683788-05:00" testType="13cdc9d9-ddb5-4fa4-a97d-d965ccfc6d4b" outcome="Passed" testListId="8c84fa94-04c1-424b-9868-57a2d4851a1d" relativeResultsDirectory="778d56a4-c31e-4722-9a8e-24a70f36783b">
    </UnitTestResult>
    <UnitTestResult executionId="7fead671-a9b4-4557-8516-ecd6abca5d38" testId="6edf184e-fddc-d915-83ba-b25d6eeab8b6" testName="Can_Add_New_Entities" computerName="KALLTOP" duration="00:00:03.3489037" startTime="2011-03-11T00:28:02.0713790-05:00" endTime="2011-03-11T00:28:05.4245708-05:00" testType="13cdc9d9-ddb5-4fa4-a97d-d965ccfc6d4b" outcome="Passed" testListId="8c84fa94-04c1-424b-9868-57a2d4851a1d" relativeResultsDirectory="7fead671-a9b4-4557-8516-ecd6abca5d38">
    </UnitTestResult>
    <UnitTestResult executionId="fc635591-df69-4686-a04e-e2fa985d1911" testId="89b44fb1-4a4a-3ac6-c5d2-07735d6caf58" testName="Can_Remove_Entities" computerName="KALLTOP" duration="00:00:00.0354893" startTime="2011-03-11T00:28:05.4385716-05:00" endTime="2011-03-11T00:28:05.4795739-05:00" testType="13cdc9d9-ddb5-4fa4-a97d-d965ccfc6d4b" outcome="Passed" testListId="8c84fa94-04c1-424b-9868-57a2d4851a1d" relativeResultsDirectory="fc635591-df69-4686-a04e-e2fa985d1911">
    </UnitTestResult>
    <UnitTestResult executionId="85168e83-dd21-4e73-a6da-b56d690a6da2" testId="5c450de0-dc73-686e-449e-8eeb4f7e89ba" testName="Can_Fetch_Entities" computerName="KALLTOP" duration="00:00:00.0220742" startTime="2011-03-11T00:28:05.4825741-05:00" endTime="2011-03-11T00:28:05.5105757-05:00" testType="13cdc9d9-ddb5-4fa4-a97d-d965ccfc6d4b" outcome="Passed" testListId="8c84fa94-04c1-424b-9868-57a2d4851a1d" relativeResultsDirectory="85168e83-dd21-4e73-a6da-b56d690a6da2">
    </UnitTestResult>
    <UnitTestResult executionId="755e74ac-3429-4f03-9987-5b87f7c606f0" testId="c485999a-98a5-d88d-ff7d-ff049d92f51f" testName="Index" computerName="KALLTOP" duration="00:00:00.0205490" startTime="2011-03-11T00:28:05.5135759-05:00" endTime="2011-03-11T00:28:05.5375773-05:00" testType="13cdc9d9-ddb5-4fa4-a97d-d965ccfc6d4b" outcome="Passed" testListId="8c84fa94-04c1-424b-9868-57a2d4851a1d" relativeResultsDirectory="755e74ac-3429-4f03-9987-5b87f7c606f0">
    </UnitTestResult>
    <UnitTestResult executionId="d9e6ae2c-c3b5-493b-885a-409b08e2fb13" testId="9a1b1a6f-fd04-c4ac-a7b3-ec48f825c6e3" testName="About" computerName="KALLTOP" duration="00:00:00.0003388" startTime="2011-03-11T00:28:05.5405774-05:00" endTime="2011-03-11T00:28:05.5445777-05:00" testType="13cdc9d9-ddb5-4fa4-a97d-d965ccfc6d4b" outcome="Passed" testListId="8c84fa94-04c1-424b-9868-57a2d4851a1d" relativeResultsDirectory="d9e6ae2c-c3b5-493b-885a-409b08e2fb13">
    </UnitTestResult>
    <UnitTestResult executionId="2bb8b6a5-fa64-45a7-a7fb-621eaedbcdc6" testId="3d6025db-5d2a-dcbd-730d-34e5126c162c" testName="Can_Add_New_Entities" computerName="KALLTOP" duration="00:00:00.0039319" startTime="2011-03-11T00:28:05.5485779-05:00" endTime="2011-03-11T00:28:05.5555783-05:00" testType="13cdc9d9-ddb5-4fa4-a97d-d965ccfc6d4b" outcome="Passed" testListId="8c84fa94-04c1-424b-9868-57a2d4851a1d" relativeResultsDirectory="2bb8b6a5-fa64-45a7-a7fb-621eaedbcdc6">
    </UnitTestResult>
    <UnitTestResult executionId="241557f4-c597-42c4-b315-4240d5e8ae6e" testId="a7606f1a-26f9-89e5-ac83-8295978cd755" testName="Can_Remove_Entities" computerName="KALLTOP" duration="00:00:00.0009459" startTime="2011-03-11T00:28:05.5595785-05:00" endTime="2011-03-11T00:28:05.5635787-05:00" testType="13cdc9d9-ddb5-4fa4-a97d-d965ccfc6d4b" outcome="Passed" testListId="8c84fa94-04c1-424b-9868-57a2d4851a1d" relativeResultsDirectory="241557f4-c597-42c4-b315-4240d5e8ae6e">
    </UnitTestResult>
    <UnitTestResult executionId="581d8083-fa71-44b8-a239-32c488ba2c30" testId="c244799b-8a61-8e17-25a8-0a4c528ad902" testName="Can_Fetch_Entities" computerName="KALLTOP" duration="00:00:00.0030723" startTime="2011-03-11T00:28:05.5675790-05:00" endTime="2011-03-11T00:28:05.5745794-05:00" testType="13cdc9d9-ddb5-4fa4-a97d-d965ccfc6d4b" outcome="Passed" testListId="8c84fa94-04c1-424b-9868-57a2d4851a1d" relativeResultsDirectory="581d8083-fa71-44b8-a239-32c488ba2c30">
    </UnitTestResult>
  </Results>
</TestRun>